Archive member included to satisfy reference by file (symbol)

G:/devkitPro/libctru/lib\libctru.a(console.o)
                              main.o (consoleInit)
G:/devkitPro/libctru/lib\libctru.a(gfx.o)
                              G:/devkitPro/libctru/lib\libctru.a(console.o) (gfxIsWide)
G:/devkitPro/libctru/lib\libctru.a(srv.o)
                              main.o (srvInit)
G:/devkitPro/libctru/lib\libctru.a(apt.o)
                              main.o (aptExit)
G:/devkitPro/libctru/lib\libctru.a(cfgu.o)
                              main.o (cfguExit)
G:/devkitPro/libctru/lib\libctru.a(gspgpu.o)
                              G:/devkitPro/libctru/lib\libctru.a(gfx.o) (gspInit)
G:/devkitPro/libctru/lib\libctru.a(hid.o)
                              main.o (hidScanInput)
G:/devkitPro/libctru/lib\libctru.a(irrst.o)
                              G:/devkitPro/libctru/lib\libctru.a(hid.o) (irrstInit)
G:/devkitPro/libctru/lib\libctru.a(srvpm.o)
                              G:/devkitPro/libctru/lib\libctru.a(srv.o) (srvPmGetSessionHandle)
G:/devkitPro/libctru/lib\libctru.a(soc_init.o)
                              main.o (socExit)
G:/devkitPro/libctru/lib\libctru.a(soc_recvfrom.o)
                              G:/devkitPro/libctru/lib\libctru.a(soc_init.o) (soc_recvfrom)
G:/devkitPro/libctru/lib\libctru.a(soc_sendto.o)
                              G:/devkitPro/libctru/lib\libctru.a(soc_init.o) (soc_sendto)
G:/devkitPro/libctru/lib\libctru.a(ctru_init.o)
                              G:/devkitPro/libctru/lib\libctru.a(apt.o) (__system_retAddr)
G:/devkitPro/libctru/lib\libctru.a(initArgv.o)
                              G:/devkitPro/libctru/lib\libctru.a(ctru_init.o) (__system_initArgv)
G:/devkitPro/libctru/lib\libctru.a(syscalls.o)
                              G:/devkitPro/libctru/lib\libctru.a(ctru_init.o) (__system_initSyscalls)
G:/devkitPro/libctru/lib\libctru.a(svc.o)
                              main.o (svcSleepThread)
G:/devkitPro/libctru/lib\libctru.a(stack_adjust.o)
                              G:/devkitPro/devkitARM/bin/../lib/gcc/arm-none-eabi/13.2.0/../../../../arm-none-eabi/lib/armv6k/fpu/3dsx_crt0.o (initSystem)
G:/devkitPro/libctru/lib\libctru.a(default_font.bin.o)
                              G:/devkitPro/libctru/lib\libctru.a(console.o) (default_font_bin)
G:/devkitPro/libctru/lib\libctru.a(linear.o)
                              G:/devkitPro/libctru/lib\libctru.a(gfx.o) (linearAlloc)
G:/devkitPro/libctru/lib\libctru.a(mem_pool.o)
                              G:/devkitPro/libctru/lib\libctru.a(linear.o) (MemPool::Allocate(MemChunk&, unsigned long, int))
G:/devkitPro/libctru/lib\libctru.a(vram.o)
                              G:/devkitPro/libctru/lib\libctru.a(gfx.o) (vramAlloc)
G:/devkitPro/libctru/lib\libctru.a(3dslink.o)
                              G:/devkitPro/libctru/lib\libctru.a(initArgv.o) (__3dslink_host)
G:/devkitPro/libctru/lib\libctru.a(env.o)
                              G:/devkitPro/libctru/lib\libctru.a(srv.o) (envGetHandle)
G:/devkitPro/libctru/lib\libctru.a(os.o)
                              G:/devkitPro/libctru/lib\libctru.a(syscalls.o) (osGetTime)
G:/devkitPro/libctru/lib\libctru.a(synchronization.o)
                              G:/devkitPro/libctru/lib\libctru.a(ctru_init.o) (__sync_init)
G:/devkitPro/libctru/lib\libctru.a(thread.o)
                              G:/devkitPro/libctru/lib\libctru.a(apt.o) (threadCreate)
G:/devkitPro/libctru/lib\libctru.a(mappable.o)
                              G:/devkitPro/libctru/lib\libctru.a(apt.o) (mappableAlloc)
G:/devkitPro/libctru/lib\libctru.a(ptmsysm.o)
                              G:/devkitPro/libctru/lib\libctru.a(os.o) (ptmSysmInit)
G:/devkitPro/libctru/lib\libctru.a(soc_common.o)
                              G:/devkitPro/libctru/lib\libctru.a(soc_init.o) (_net_convert_error)
G:/devkitPro/libctru/lib\libctru.a(soc_connect.o)
                              G:/devkitPro/libctru/lib\libctru.a(3dslink.o) (connect)
G:/devkitPro/libctru/lib\libctru.a(soc_socket.o)
                              G:/devkitPro/libctru/lib\libctru.a(3dslink.o) (socket)
G:/devkitPro/libctru/lib\libctru.a(rbtree_find.o)
                              G:/devkitPro/libctru/lib\libctru.a(linear.o) (rbtree_find)
G:/devkitPro/libctru/lib\libctru.a(rbtree_init.o)
                              G:/devkitPro/libctru/lib\libctru.a(linear.o) (rbtree_init)
G:/devkitPro/libctru/lib\libctru.a(rbtree_insert.o)
                              G:/devkitPro/libctru/lib\libctru.a(linear.o) (rbtree_insert)
G:/devkitPro/libctru/lib\libctru.a(rbtree_remove.o)
                              G:/devkitPro/libctru/lib\libctru.a(linear.o) (rbtree_remove)
G:/devkitPro/libctru/lib\libctru.a(rbtree_rotate.o)
                              G:/devkitPro/libctru/lib\libctru.a(rbtree_insert.o) (rbtree_rotate)
G:/devkitPro/libctru/lib\libctru.a(allocateHeaps.o)
[...]
Memory Configuration

Name             Origin             Length             Attributes
*default*        0x00000000         0xffffffff

Linker script and memory map

                0x00100000                        PROVIDE (__start__ = 0x100000)
                0x00100000                        . = __start__

.text           0x00100000    0x1db28
 *(.crt0)
 .crt0          0x00100000       0x94 G:/devkitPro/devkitARM/bin/../lib/gcc/arm-none-eabi/13.2.0/../../../../arm-none-eabi/lib/armv6k/fpu/3dsx_crt0.o
                0x00100000                _start
                0x00100008                __service_ptr
                0x0010000c                __apt_appid
                0x00100010                __heap_size
                0x00100014                __linear_heap_size
                0x00100018                __system_arglist
                0x0010001c                __system_runflags
 *(.init)
 .init          0x00100094        0xc G:/devkitPro/devkitARM/bin/../lib/gcc/arm-none-eabi/13.2.0/armv6k/fpu/crti.o
                0x00100094                _init
 .init          0x001000a0        0xc G:/devkitPro/devkitARM/bin/../lib/gcc/arm-none-eabi/13.2.0/armv6k/fpu/crtn.o
                0x001000ac                        . = ALIGN (0x4)
 *(.text)
 .text          0x001000ac      0x240 G:/devkitPro/devkitARM/bin/../lib/gcc/arm-none-eabi/13.2.0/armv6k/fpu\libgcc.a(_divsi3.o)
                0x001000ac                __divsi3
                0x001000ac                __aeabi_idiv
                0x001002cc                __aeabi_idivmod
 .text          0x001002ec        0x4 G:/devkitPro/devkitARM/bin/../lib/gcc/arm-none-eabi/13.2.0/armv6k/fpu\libgcc.a(_dvmd_tls.o)
                0x001002ec                __aeabi_idiv0
                0x001002ec                __aeabi_ldiv0
 .text          0x001002f0       0x3c G:/devkitPro/devkitARM/bin/../lib/gcc/arm-none-eabi/13.2.0/armv6k/fpu\libgcc.a(_aeabi_uldivmod.o)
                0x001002f0                __aeabi_uldivmod
 *fill*         0x0010032c       0x14 
 .text          0x00100340      0x390 G:/devkitPro/devkitARM/bin/../lib/gcc/arm-none-eabi/13.2.0/../../../../arm-none-eabi/lib/armv6k/fpu\libg.a(libc_a-strcmp.o)
                0x00100348                strcmp
 .text          0x001006d0      0x20c G:/devkitPro/devkitARM/bin/../lib/gcc/arm-none-eabi/13.2.0/armv6k/fpu\libgcc.a(_udivsi3.o)
                0x001006d0                __aeabi_uidiv
                0x001006d0                __udivsi3
                0x001008bc                __aeabi_uidivmod
 *(.text.*)
 .text.__do_global_dtors_aux
                0x001008dc       0x40 G:/devkitPro/devkitARM/bin/../lib/gcc/arm-none-eabi/13.2.0/armv6k/fpu/crtbegin.o
 .text.frame_dummy
                0x0010091c       0x2c G:/devkitPro/devkitARM/bin/../lib/gcc/arm-none-eabi/13.2.0/armv6k/fpu/crtbegin.o
 .text.cleanup  0x00100948       0x20 main.o
                0x00100948                cleanup
 .text.flush_buffers
                0x00100968       0x1c main.o
                0x00100968                flush_buffers
 .text.initialize_gfx
                0x00100984       0x20 main.o
                0x00100984                initialize_gfx
 .text.end_diag
                0x001009a4       0x50 main.o
                0x001009a4                end_diag
 .text.process_file
                0x001009f4      0x1ac main.o
                0x001009f4                process_file
 .text.startup.main
                0x00100ba0      0x234 main.o
                0x00100ba0                main
 .text.consoleHandleColorEsc
                0x00100dd4      0x51c G:/devkitPro/libctru/lib\libctru.a(console.o)
 .text.consoleColorStateShift
                0x001012f0       0xb8 G:/devkitPro/libctru/lib\libctru.a(console.o)
 .text.consoleDrawChar
                0x001013a8      0x1ac G:/devkitPro/libctru/lib\libctru.a(console.o)
                0x001013a8                consoleDrawChar
 .text.consolePrintChar
                0x00101554      0x124 G:/devkitPro/libctru/lib\libctru.a(console.o)
                0x00101554                consolePrintChar
 .text.con_write
                0x00101678      0x6f4 G:/devkitPro/libctru/lib\libctru.a(console.o)
                0x00101678                con_write
 .text.newRow   0x00101d6c       0xfc G:/devkitPro/libctru/lib\libctru.a(console.o)
 .text.consoleInit
                0x00101e68      0x18c G:/devkitPro/libctru/lib\libctru.a(console.o)
                0x00101e68                consoleInit
 .text.consoleClear
                0x00101ff4       0xb8 G:/devkitPro/libctru/lib\libctru.a(console.o)
                0x00101ff4                consoleClear
 .text.gfxPresentFramebuffer
                0x001020ac       0xd0 G:/devkitPro/libctru/lib\libctru.a(gfx.o)
 .text.gfxIsWide
                0x0010217c       0x1c G:/devkitPro/libctru/lib\libctru.a(gfx.o)
                0x0010217c                gfxIsWide
 .text.gfxSetScreenFormat
                0x00102198       0xec G:/devkitPro/libctru/lib\libctru.a(gfx.o)
                0x00102198                gfxSetScreenFormat
 .text.gfxSetDoubleBuffering
                0x00102284       0x10 G:/devkitPro/libctru/lib\libctru.a(gfx.o)
                0x00102284                gfxSetDoubleBuffering
 .text.gfxInit  0x00102294       0xe0 G:/devkitPro/libctru/lib\libctru.a(gfx.o)
                0x00102294                gfxInit
 .text.gfxInitDefault
                0x00102374       0x10 G:/devkitPro/libctru/lib\libctru.a(gfx.o)
                0x00102374                gfxInitDefault
 .text.gfxExit  0x00102384       0xb4 G:/devkitPro/libctru/lib\libctru.a(gfx.o)
                0x00102384                gfxExit
 .text.gfxGetFramebuffer
                0x00102438       0xa0 G:/devkitPro/libctru/lib\libctru.a(gfx.o)
                0x00102438                gfxGetFramebuffer
 .text.gfxFlushBuffers
                0x001024d8      0x104 G:/devkitPro/libctru/lib\libctru.a(gfx.o)
                0x001024d8                gfxFlushBuffers
 .text.gfxSwapBuffers
                0x001025dc       0x50 G:/devkitPro/libctru/lib\libctru.a(gfx.o)
                0x001025dc                gfxSwapBuffers
 .text.gfxSwapBuffersGpu
                0x0010262c       0x50 G:/devkitPro/libctru/lib\libctru.a(gfx.o)
                0x0010262c                gfxSwapBuffersGpu
 .text.srvInit  0x0010267c      0x12c G:/devkitPro/libctru/lib\libctru.a(srv.o)
                0x0010267c                srvInit
 .text.srvExit  0x001027a8       0x58 G:/devkitPro/libctru/lib\libctru.a(srv.o)
                0x001027a8                srvExit
 .text.srvEnableNotification
                0x00102800       0x60 G:/devkitPro/libctru/lib\libctru.a(srv.o)
                0x00102800                srvEnableNotification
 .text.srvGetServiceHandleDirect
                0x00102860       0xa0 G:/devkitPro/libctru/lib\libctru.a(srv.o)
                0x00102860                srvGetServiceHandleDirect
 .text.srvGetServiceHandle
                0x00102900       0x38 G:/devkitPro/libctru/lib\libctru.a(srv.o)
                0x00102900                srvGetServiceHandle
 .text.srvSubscribe
                0x00102938       0x34 G:/devkitPro/libctru/lib\libctru.a(srv.o)
                0x00102938                srvSubscribe
 .text.srvReceiveNotification
                0x0010296c       0x60 G:/devkitPro/libctru/lib\libctru.a(srv.o)
                0x0010296c                srvReceiveNotification
 .text.srvPublishToSubscriber
                0x001029cc       0x38 G:/devkitPro/libctru/lib\libctru.a(srv.o)
                0x001029cc                srvPublishToSubscriber
 .text.aptConvertScreenForCapture
                0x00102a04      0x1ac G:/devkitPro/libctru/lib\libctru.a(apt.o)
 .text.aptDspSleep
                0x00102bb0        0x8 G:/devkitPro/libctru/lib\libctru.a(apt.o)
                0x00102bb0                aptDspSleep
 .text.aptDspWakeup
                0x00102bb8        0x4 G:/devkitPro/libctru/lib\libctru.a(apt.o)
                0x00102bb8                aptDspWakeup
 .text.aptDspCancel
                0x00102bbc        0x4 G:/devkitPro/libctru/lib\libctru.a(apt.o)
                0x00102bbc                aptDspCancel
 .text.aptSendCommand
                0x00102bc0      0x158 G:/devkitPro/libctru/lib\libctru.a(apt.o)
                0x00102bc0                aptSendCommand
 .text.aptExitProcess
                0x00102d18       0x44 G:/devkitPro/libctru/lib\libctru.a(apt.o)
 .text.aptExit  0x00102d5c      0x38c G:/devkitPro/libctru/lib\libctru.a(apt.o)
                0x00102d5c                aptExit
 .text.aptHandleSleep
                0x001030e8       0xe0 G:/devkitPro/libctru/lib\libctru.a(apt.o)
                0x001030e8                aptHandleSleep
 .text.APT_SleepIfShellClosed
                0x001031c8       0x84 G:/devkitPro/libctru/lib\libctru.a(apt.o)
                0x001031c8                APT_SleepIfShellClosed
 .text.aptSetSleepAllowed
                0x0010324c       0x84 G:/devkitPro/libctru/lib\libctru.a(apt.o)
                0x0010324c                aptSetSleepAllowed
 .text.APT_UnlockTransition
                0x001032d0       0x84 G:/devkitPro/libctru/lib\libctru.a(apt.o)
                0x001032d0                APT_UnlockTransition
 *fill*         0x00103354        0x4 
 .text.aptEventHandler
                0x00103358      0x4a4 G:/devkitPro/libctru/lib\libctru.a(apt.o)
 .text.APT_ReceiveParameter
                0x001037fc       0xb0 G:/devkitPro/libctru/lib\libctru.a(apt.o)
                0x001037fc                APT_ReceiveParameter
 .text.aptReceiveParameter.constprop.0
                0x001038ac       0xac G:/devkitPro/libctru/lib\libctru.a(apt.o)
 .text.aptScreenTransfer
                0x00103958      0x2ac G:/devkitPro/libctru/lib\libctru.a(apt.o)
 .text.aptWaitForWakeUp.isra.0
                0x00103c04      0x320 G:/devkitPro/libctru/lib\libctru.a(apt.o)
 .text.aptJumpToHomeMenu
                0x00103f24       0xf8 G:/devkitPro/libctru/lib\libctru.a(apt.o)
                0x00103f24                aptJumpToHomeMenu
 .text.aptMainLoop
                0x0010401c       0x48 G:/devkitPro/libctru/lib\libctru.a(apt.o)
                0x0010401c                aptMainLoop
 .text.aptInit  0x00104064      0x22c G:/devkitPro/libctru/lib\libctru.a(apt.o)
                0x00104064                aptInit
 .text.APT_CheckNew3DS
                0x00104290       0x7c G:/devkitPro/libctru/lib\libctru.a(apt.o)
                0x00104290                APT_CheckNew3DS
 .text.cfguExit
                0x0010430c       0x3c G:/devkitPro/libctru/lib\libctru.a(cfgu.o)
                0x0010430c                cfguExit
 .text.gspHardwareInit
                0x00104348      0xc64 G:/devkitPro/libctru/lib\libctru.a(gspgpu.o)
 .text.gspInit  0x00104fac      0x248 G:/devkitPro/libctru/lib\libctru.a(gspgpu.o)
                0x00104fac                gspInit
 .text.gspExit  0x001051f4       0xf0 G:/devkitPro/libctru/lib\libctru.a(gspgpu.o)
                0x001051f4                gspExit
 .text.gspHasGpuRight
                0x001052e4       0x10 G:/devkitPro/libctru/lib\libctru.a(gspgpu.o)
                0x001052e4                gspHasGpuRight
 .text.gspPresentBuffer
                0x001052f4       0xa0 G:/devkitPro/libctru/lib\libctru.a(gspgpu.o)
                0x001052f4                gspPresentBuffer
 .text.gspWaitForEvent
                0x00105394       0x44 G:/devkitPro/libctru/lib\libctru.a(gspgpu.o)
                0x00105394                gspWaitForEvent
 .text.gxCmdQueueInterrupt
                0x001053d8        0x4 G:/devkitPro/libctru/lib\libctru.a(gspgpu.o)
                0x001053d8                gxCmdQueueInterrupt
 .text.gspEventThreadMain
                0x001053dc      0x158 G:/devkitPro/libctru/lib\libctru.a(gspgpu.o)
 .text.GSPGPU_FlushDataCache
                0x00105534       0x50 G:/devkitPro/libctru/lib\libctru.a(gspgpu.o)
                0x00105534                GSPGPU_FlushDataCache
 .text.GSPGPU_SetLcdForceBlack
                0x00105584       0x34 G:/devkitPro/libctru/lib\libctru.a(gspgpu.o)
                0x00105584                GSPGPU_SetLcdForceBlack
 .text.GSPGPU_AcquireRight
                0x001055b8       0x68 G:/devkitPro/libctru/lib\libctru.a(gspgpu.o)
                0x001055b8                GSPGPU_AcquireRight
 .text.GSPGPU_ReleaseRight
                0x00105620       0x48 G:/devkitPro/libctru/lib\libctru.a(gspgpu.o)
                0x00105620                GSPGPU_ReleaseRight
 .text.GSPGPU_ImportDisplayCaptureInfo
                0x00105668       0x7c G:/devkitPro/libctru/lib\libctru.a(gspgpu.o)
                0x00105668                GSPGPU_ImportDisplayCaptureInfo
 .text.GSPGPU_SaveVramSysArea
                0x001056e4       0x2c G:/devkitPro/libctru/lib\libctru.a(gspgpu.o)
                0x001056e4                GSPGPU_SaveVramSysArea
 .text.GSPGPU_RestoreVramSysArea
                0x00105710       0x2c G:/devkitPro/libctru/lib\libctru.a(gspgpu.o)
                0x00105710                GSPGPU_RestoreVramSysArea
 .text.hidShouldUseIrrst
                0x0010573c       0x24 G:/devkitPro/libctru/lib\libctru.a(hid.o)
                0x0010573c                hidShouldUseIrrst
 .text.hidInit  0x00105760      0x18c G:/devkitPro/libctru/lib\libctru.a(hid.o)
                0x00105760                hidInit
 .text.hidExit  0x001058ec       0xe8 G:/devkitPro/libctru/lib\libctru.a(hid.o)
                0x001058ec                hidExit
 .text.hidScanInput
                0x001059d4      0x2a4 G:/devkitPro/libctru/lib\libctru.a(hid.o)
                0x001059d4                hidScanInput
 .text.hidKeysDown
                0x00105c78       0x10 G:/devkitPro/libctru/lib\libctru.a(hid.o)
                0x00105c78                hidKeysDown
 .text.irrstInit
                0x00105c88      0x160 G:/devkitPro/libctru/lib\libctru.a(irrst.o)
                0x00105c88                irrstInit
 .text.irrstExit
                0x00105de8       0xcc G:/devkitPro/libctru/lib\libctru.a(irrst.o)
                0x00105de8                irrstExit
 .text.irrstScanInput
                0x00105eb4       0xb4 G:/devkitPro/libctru/lib\libctru.a(irrst.o)
                0x00105eb4                irrstScanInput
 .text.irrstKeysHeld
                0x00105f68       0x24 G:/devkitPro/libctru/lib\libctru.a(irrst.o)
                0x00105f68                irrstKeysHeld
 .text.srvPmGetSessionHandle
                0x00105f8c        0xc G:/devkitPro/libctru/lib\libctru.a(srvpm.o)
                0x00105f8c                srvPmGetSessionHandle
 .text.socExit  0x00105f98       0x88 G:/devkitPro/libctru/lib\libctru.a(soc_init.o)
                0x00105f98                socExit
 .text.__libctru_init
                0x00106020       0x38 G:/devkitPro/libctru/lib\libctru.a(ctru_init.o)
                0x00106020                __libctru_init
 .text.__system_initArgv
                0x00106058      0x170 G:/devkitPro/libctru/lib\libctru.a(initArgv.o)
                0x00106058                __system_initArgv
 .text.__syscall_getreent
                0x001061c8       0x30 G:/devkitPro/libctru/lib\libctru.a(syscalls.o)
                0x001061c8                __syscall_getreent
 .text.__syscall_lock_acquire
                0x001061f8        0x4 G:/devkitPro/libctru/lib\libctru.a(syscalls.o)
                0x001061f8                __syscall_lock_acquire
 .text.__syscall_lock_release
                0x001061fc        0x4 G:/devkitPro/libctru/lib\libctru.a(syscalls.o)
                0x001061fc                __syscall_lock_release
 .text.__syscall_lock_acquire_recursive
                0x00106200        0x4 G:/devkitPro/libctru/lib\libctru.a(syscalls.o)
                0x00106200                __syscall_lock_acquire_recursive
 .text.__syscall_lock_release_recursive
                0x00106204        0x4 G:/devkitPro/libctru/lib\libctru.a(syscalls.o)
                0x00106204                __syscall_lock_release_recursive
 .text.__syscall_exit
                0x00106208        0x4 G:/devkitPro/libctru/lib\libctru.a(syscalls.o)
                0x00106208                __syscall_exit
 .text.initThreadVars
                0x0010620c       0x50 G:/devkitPro/libctru/lib\libctru.a(syscalls.o)
                0x0010620c                initThreadVars
 .text.__system_initSyscalls
                0x0010625c       0x80 G:/devkitPro/libctru/lib\libctru.a(syscalls.o)
                0x0010625c                __system_initSyscalls
 .text.svcControlMemory
                0x001062dc       0x20 G:/devkitPro/libctru/lib\libctru.a(svc.o)
                0x001062dc                svcControlMemory
 .text.svcQueryMemory
                0x001062fc       0x30 G:/devkitPro/libctru/lib\libctru.a(svc.o)
                0x001062fc                svcQueryMemory
 .text.svcExitProcess
                0x0010632c        0x8 G:/devkitPro/libctru/lib\libctru.a(svc.o)
                0x0010632c                svcExitProcess
 .text.svcCreateThread
                0x00106334       0x20 G:/devkitPro/libctru/lib\libctru.a(svc.o)
                0x00106334                svcCreateThread
 .text.svcExitThread
                0x00106354        0x8 G:/devkitPro/libctru/lib\libctru.a(svc.o)
                0x00106354                svcExitThread
 .text.svcSleepThread
                0x0010635c        0x8 G:/devkitPro/libctru/lib\libctru.a(svc.o)
                0x0010635c                svcSleepThread
 .text.svcReleaseMutex
                0x00106364        0x8 G:/devkitPro/libctru/lib\libctru.a(svc.o)
                0x00106364                svcReleaseMutex
 .text.svcCreateEvent
                0x0010636c       0x14 G:/devkitPro/libctru/lib\libctru.a(svc.o)
                0x0010636c                svcCreateEvent
 .text.svcSignalEvent
                0x00106380        0x8 G:/devkitPro/libctru/lib\libctru.a(svc.o)
                0x00106380                svcSignalEvent
 .text.svcClearEvent
                0x00106388        0x8 G:/devkitPro/libctru/lib\libctru.a(svc.o)
                0x00106388                svcClearEvent
 .text.svcMapMemoryBlock
                0x00106390        0x8 G:/devkitPro/libctru/lib\libctru.a(svc.o)
                0x00106390                svcMapMemoryBlock
 .text.svcUnmapMemoryBlock
                0x00106398        0x8 G:/devkitPro/libctru/lib\libctru.a(svc.o)
                0x00106398                svcUnmapMemoryBlock
 .text.svcCreateAddressArbiter
                0x001063a0       0x14 G:/devkitPro/libctru/lib\libctru.a(svc.o)
                0x001063a0                svcCreateAddressArbiter
 .text.svcArbitrateAddressNoTimeout
                0x001063b4        0x8 G:/devkitPro/libctru/lib\libctru.a(svc.o)
                0x001063b4                svcArbitrateAddressNoTimeout
 .text.svcCloseHandle
                0x001063bc        0x8 G:/devkitPro/libctru/lib\libctru.a(svc.o)
                0x001063bc                svcCloseHandle
 .text.svcWaitSynchronization
                0x001063c4        0x8 G:/devkitPro/libctru/lib\libctru.a(svc.o)
                0x001063c4                svcWaitSynchronization
 .text.svcWaitSynchronizationN
                0x001063cc       0x28 G:/devkitPro/libctru/lib\libctru.a(svc.o)
                0x001063cc                svcWaitSynchronizationN
 .text.svcDuplicateHandle
                0x001063f4       0x14 G:/devkitPro/libctru/lib\libctru.a(svc.o)
                0x001063f4                svcDuplicateHandle
 .text.svcConnectToPort
                0x00106408       0x14 G:/devkitPro/libctru/lib\libctru.a(svc.o)
                0x00106408                svcConnectToPort
 .text.svcSendSyncRequest
                0x0010641c        0x8 G:/devkitPro/libctru/lib\libctru.a(svc.o)
                0x0010641c                svcSendSyncRequest
 .text.svcGetResourceLimit
                0x00106424       0x14 G:/devkitPro/libctru/lib\libctru.a(svc.o)
                0x00106424                svcGetResourceLimit
 .text.svcGetResourceLimitLimitValues
                0x00106438        0x8 G:/devkitPro/libctru/lib\libctru.a(svc.o)
                0x00106438                svcGetResourceLimitLimitValues
 .text.svcGetResourceLimitCurrentValues
                0x00106440        0x8 G:/devkitPro/libctru/lib\libctru.a(svc.o)
                0x00106440                svcGetResourceLimitCurrentValues
 .text.svcBreak
                0x00106448        0x8 G:/devkitPro/libctru/lib\libctru.a(svc.o)
                0x00106448                svcBreak
 .text.initSystem
                0x00106450       0x50 G:/devkitPro/libctru/lib\libctru.a(stack_adjust.o)
                0x00106450                initSystem
 .text.__ctru_exit
                0x001064a0       0x14 G:/devkitPro/libctru/lib\libctru.a(stack_adjust.o)
                0x001064a0                __ctru_exit
 .text._ZL21addrMapNodeComparatorPK11rbtree_nodeS1_
                0x001064b4       0x24 G:/devkitPro/libctru/lib\libctru.a(linear.o)
 .text._ZL21addrMapNodeDestructorP11rbtree_node
                0x001064d8        0x4 G:/devkitPro/libctru/lib\libctru.a(linear.o)
 .text.linearMemAlign
                0x001064dc      0x120 G:/devkitPro/libctru/lib\libctru.a(linear.o)
                0x001064dc                linearMemAlign
 .text.linearAlloc
                0x001065fc        0x8 G:/devkitPro/libctru/lib\libctru.a(linear.o)
                0x001065fc                linearAlloc
 .text.linearFree
                0x00106604       0x5c G:/devkitPro/libctru/lib\libctru.a(linear.o)
                0x00106604                linearFree
 .text._ZN7MemPool13CoalesceRightEP8MemBlock
                0x00106660       0x80 G:/devkitPro/libctru/lib\libctru.a(mem_pool.o)
                0x00106660                MemPool::CoalesceRight(MemBlock*)
 .text._ZN7MemPool8AllocateER8MemChunkmi
                0x001066e0      0x16c G:/devkitPro/libctru/lib\libctru.a(mem_pool.o)
                0x001066e0                MemPool::Allocate(MemChunk&, unsigned long, int)
 .text._ZN7MemPool10DeallocateERK8MemChunk
                0x0010684c       0xfc G:/devkitPro/libctru/lib\libctru.a(mem_pool.o)
                0x0010684c                MemPool::Deallocate(MemChunk const&)
 .text._ZN7MemPool12GetFreeSpaceEv
                0x00106948       0x30 G:/devkitPro/libctru/lib\libctru.a(mem_pool.o)
                0x00106948                MemPool::GetFreeSpace()
 .text._ZL21addrMapNodeComparatorPK11rbtree_nodeS1_
                0x00106978       0x24 G:/devkitPro/libctru/lib\libctru.a(vram.o)
 .text._ZL21addrMapNodeDestructorP11rbtree_node
                0x0010699c        0x4 G:/devkitPro/libctru/lib\libctru.a(vram.o)
 .text.vramMemAlignAt
                0x001069a0      0x24c G:/devkitPro/libctru/lib\libctru.a(vram.o)
                0x001069a0                vramMemAlignAt
 .text.vramAlloc
                0x00106bec        0xc G:/devkitPro/libctru/lib\libctru.a(vram.o)
                0x00106bec                vramAlloc
 .text.vramFree
                0x00106bf8       0x90 G:/devkitPro/libctru/lib\libctru.a(vram.o)
                0x00106bf8                vramFree
 .text.envGetHandle
                0x00106c88       0x84 G:/devkitPro/libctru/lib\libctru.a(env.o)
                0x00106c88                envGetHandle
 .text.envDestroyHandles
                0x00106d0c       0x50 G:/devkitPro/libctru/lib\libctru.a(env.o)
                0x00106d0c                envDestroyHandles
 .text.__ctru_speedup_config
                0x00106d5c       0x34 G:/devkitPro/libctru/lib\libctru.a(os.o)
                0x00106d5c                __ctru_speedup_config
 .text.__sync_init
                0x00106d90        0xc G:/devkitPro/libctru/lib\libctru.a(synchronization.o)
                0x00106d90                __sync_init
 .text.__sync_fini
                0x00106d9c       0x18 G:/devkitPro/libctru/lib\libctru.a(synchronization.o)
                0x00106d9c                __sync_fini
 .text.syncArbitrateAddress
                0x00106db4       0x2c G:/devkitPro/libctru/lib\libctru.a(synchronization.o)
                0x00106db4                syncArbitrateAddress
 .text.LightLock_Lock
                0x00106de0       0xac G:/devkitPro/libctru/lib\libctru.a(synchronization.o)
                0x00106de0                LightLock_Lock
 .text.LightLock_Unlock
                0x00106e8c       0x40 G:/devkitPro/libctru/lib\libctru.a(synchronization.o)
                0x00106e8c                LightLock_Unlock
 .text.RecursiveLock_Lock
                0x00106ecc       0x30 G:/devkitPro/libctru/lib\libctru.a(synchronization.o)
                0x00106ecc                RecursiveLock_Lock
 .text.RecursiveLock_Unlock
                0x00106efc       0x54 G:/devkitPro/libctru/lib\libctru.a(synchronization.o)
                0x00106efc                RecursiveLock_Unlock
 .text.LightEvent_Init
                0x00106f50       0x40 G:/devkitPro/libctru/lib\libctru.a(synchronization.o)
                0x00106f50                LightEvent_Init
 .text.LightEvent_Clear
                0x00106f90       0xa4 G:/devkitPro/libctru/lib\libctru.a(synchronization.o)
                0x00106f90                LightEvent_Clear
 .text.LightEvent_Signal
                0x00107034       0xc8 G:/devkitPro/libctru/lib\libctru.a(synchronization.o)
                0x00107034                LightEvent_Signal
 .text.LightEvent_TryWait
                0x001070fc       0x50 G:/devkitPro/libctru/lib\libctru.a(synchronization.o)
                0x001070fc                LightEvent_TryWait
 .text.LightEvent_Wait
                0x0010714c       0xa0 G:/devkitPro/libctru/lib\libctru.a(synchronization.o)
                0x0010714c                LightEvent_Wait
 .text.threadCreate
                0x001071ec      0x1d8 G:/devkitPro/libctru/lib\libctru.a(thread.o)
                0x001071ec                threadCreate
 .text.threadFree
                0x001073c4       0x2c G:/devkitPro/libctru/lib\libctru.a(thread.o)
                0x001073c4                threadFree
 .text.threadJoin
                0x001073f0       0x24 G:/devkitPro/libctru/lib\libctru.a(thread.o)
                0x001073f0                threadJoin
 .text.threadGetCurrent
                0x00107414       0x30 G:/devkitPro/libctru/lib\libctru.a(thread.o)
                0x00107414                threadGetCurrent
 .text.threadExit
                0x00107444       0x40 G:/devkitPro/libctru/lib\libctru.a(thread.o)
                0x00107444                threadExit
 .text._thread_begin
                0x00107484       0x20 G:/devkitPro/libctru/lib\libctru.a(thread.o)
 .text.mappableFindAddressWithin
                0x001074a4       0xb4 G:/devkitPro/libctru/lib\libctru.a(mappable.o)
 .text.mappableInit
                0x00107558       0x28 G:/devkitPro/libctru/lib\libctru.a(mappable.o)
                0x00107558                mappableInit
 .text.mappableAlloc
                0x00107580       0x80 G:/devkitPro/libctru/lib\libctru.a(mappable.o)
                0x00107580                mappableAlloc
 .text.mappableFree
                0x00107600        0x4 G:/devkitPro/libctru/lib\libctru.a(mappable.o)
                0x00107600                mappableFree
 .text.ptmSysmInit
                0x00107604       0x74 G:/devkitPro/libctru/lib\libctru.a(ptmsysm.o)
                0x00107604                ptmSysmInit
 .text.ptmSysmExit
                0x00107678       0x3c G:/devkitPro/libctru/lib\libctru.a(ptmsysm.o)
                0x00107678                ptmSysmExit
 .text.PTMSYSM_ConfigureNew3DSCPU
                0x001076b4       0x34 G:/devkitPro/libctru/lib\libctru.a(ptmsysm.o)
                0x001076b4                PTMSYSM_ConfigureNew3DSCPU
 .text.rbtree_find
                0x001076e8       0x74 G:/devkitPro/libctru/lib\libctru.a(rbtree_find.o)
                0x001076e8                rbtree_find
 .text.rbtree_init
                0x0010775c       0x10 G:/devkitPro/libctru/lib\libctru.a(rbtree_init.o)
                0x0010775c                rbtree_init
 .text.do_insert
                0x0010776c      0x1b0 G:/devkitPro/libctru/lib\libctru.a(rbtree_insert.o)
 .text.rbtree_insert
                0x0010791c        0x8 G:/devkitPro/libctru/lib\libctru.a(rbtree_insert.o)
                0x0010791c                rbtree_insert
 .text.rbtree_remove
                0x00107924      0x318 G:/devkitPro/libctru/lib\libctru.a(rbtree_remove.o)
                0x00107924                rbtree_remove
 .text.rbtree_rotate
                0x00107c3c       0x90 G:/devkitPro/libctru/lib\libctru.a(rbtree_rotate.o)
                0x00107c3c                rbtree_rotate
 *fill*         0x00107ccc        0x4 
 .text.__system_allocateHeaps
                0x00107cd0      0x1e0 G:/devkitPro/libctru/lib\libctru.a(allocateHeaps.o)
                0x00107cd0                __system_allocateHeaps
 .text.__appExit
                0x00107eb0       0x30 G:/devkitPro/libctru/lib\libctru.a(appExit.o)
                0x00107eb0                __appExit
 .text.__appInit
                0x00107ee0       0x30 G:/devkitPro/libctru/lib\libctru.a(appInit.o)
                0x00107ee0                __appInit
 .text.__libctru_exit
                0x00107f10       0x90 G:/devkitPro/libctru/lib\libctru.a(ctru_exit.o)
                0x00107f10                __libctru_exit
 .text.archive_link
                0x00107fa0       0x14 G:/devkitPro/libctru/lib\libctru.a(archive_dev.o)
 .text.archive_dirreset
                0x00107fb4       0x14 G:/devkitPro/libctru/lib\libctru.a(archive_dev.o)
 .text.archive_chmod
                0x00107fc8       0x14 G:/devkitPro/libctru/lib\libctru.a(archive_dev.o)
 .text.error_cmp
                0x00107fdc       0x24 G:/devkitPro/libctru/lib\libctru.a(archive_dev.o)
 .text.archive_translate_error
                0x00108000       0x50 G:/devkitPro/libctru/lib\libctru.a(archive_dev.o)
 .text.archive_seek
                0x00108050       0xc8 G:/devkitPro/libctru/lib\libctru.a(archive_dev.o)
 .text._archiveInit.part.0
                0x00108118       0x7c G:/devkitPro/libctru/lib\libctru.a(archive_dev.o)
 .text.archiveFindDevice.part.0
                0x00108194       0xc4 G:/devkitPro/libctru/lib\libctru.a(archive_dev.o)
 .text.archive_utf16path
                0x00108258      0x280 G:/devkitPro/libctru/lib\libctru.a(archive_dev.o)
 .text._archiveUnmountDeviceStruct.part.0
                0x001084d8       0x9c G:/devkitPro/libctru/lib\libctru.a(archive_dev.o)
 .text.archive_fchmod
                0x00108574       0x14 G:/devkitPro/libctru/lib\libctru.a(archive_dev.o)
 .text.archive_statvfs
                0x00108588       0x14 G:/devkitPro/libctru/lib\libctru.a(archive_dev.o)
 .text._archiveMountDevice
                0x0010859c      0x164 G:/devkitPro/libctru/lib\libctru.a(archive_dev.o)
 .text.archive_diropen
                0x00108700       0xe8 G:/devkitPro/libctru/lib\libctru.a(archive_dev.o)
 .text.archive_fstat
                0x001087e8       0xa4 G:/devkitPro/libctru/lib\libctru.a(archive_dev.o)
 .text.archive_fsync
                0x0010888c       0x6c G:/devkitPro/libctru/lib\libctru.a(archive_dev.o)
 .text.archive_close
                0x001088f8       0x6c G:/devkitPro/libctru/lib\libctru.a(archive_dev.o)
 .text.archive_dirclose
                0x00108964       0x70 G:/devkitPro/libctru/lib\libctru.a(archive_dev.o)
 .text.sdmc_statvfs
                0x001089d4       0xe8 G:/devkitPro/libctru/lib\libctru.a(archive_dev.o)
 .text.archive_chdir
                0x00108abc       0xec G:/devkitPro/libctru/lib\libctru.a(archive_dev.o)
 .text.archive_ftruncate
                0x00108ba8       0x7c G:/devkitPro/libctru/lib\libctru.a(archive_dev.o)
 .text.archive_read
                0x00108c24       0xac G:/devkitPro/libctru/lib\libctru.a(archive_dev.o)
 .text.archive_unlink
                0x00108cd0       0xa4 G:/devkitPro/libctru/lib\libctru.a(archive_dev.o)
 .text.archive_rmdir
                0x00108d74       0xbc G:/devkitPro/libctru/lib\libctru.a(archive_dev.o)
 .text.archive_mkdir
                0x00108e30       0xdc G:/devkitPro/libctru/lib\libctru.a(archive_dev.o)
 .text.archive_stat
                0x00108f0c      0x194 G:/devkitPro/libctru/lib\libctru.a(archive_dev.o)
 .text.archive_dirnext
                0x001090a0      0x160 G:/devkitPro/libctru/lib\libctru.a(archive_dev.o)
 .text.archive_write
                0x00109200      0x124 G:/devkitPro/libctru/lib\libctru.a(archive_dev.o)
 .text.archive_open
                0x00109324      0x20c G:/devkitPro/libctru/lib\libctru.a(archive_dev.o)
 .text.archive_rename
                0x00109530      0x278 G:/devkitPro/libctru/lib\libctru.a(archive_dev.o)
 .text.archiveMountSdmc
                0x001097a8      0x19c G:/devkitPro/libctru/lib\libctru.a(archive_dev.o)
                0x001097a8                archiveMountSdmc
 .text.archiveUnmountAll
                0x00109944       0x54 G:/devkitPro/libctru/lib\libctru.a(archive_dev.o)
                0x00109944                archiveUnmountAll
 .text.fsInit   0x00109998       0xcc G:/devkitPro/libctru/lib\libctru.a(fs.o)
                0x00109998                fsInit
 .text.fsExit   0x00109a64       0x3c G:/devkitPro/libctru/lib\libctru.a(fs.o)
                0x00109a64                fsExit
 .text.fsExemptFromSession
                0x00109aa0       0x60 G:/devkitPro/libctru/lib\libctru.a(fs.o)
                0x00109aa0                fsExemptFromSession
 .text.fsUnexemptFromSession
                0x00109b00       0x50 G:/devkitPro/libctru/lib\libctru.a(fs.o)
                0x00109b00                fsUnexemptFromSession
 .text.FSUSER_OpenFile
                0x00109b50       0xcc G:/devkitPro/libctru/lib\libctru.a(fs.o)
                0x00109b50                FSUSER_OpenFile
 .text.FSUSER_DeleteFile
                0x00109c1c       0xbc G:/devkitPro/libctru/lib\libctru.a(fs.o)
                0x00109c1c                FSUSER_DeleteFile
 .text.FSUSER_RenameFile
                0x00109cd8       0xf8 G:/devkitPro/libctru/lib\libctru.a(fs.o)
                0x00109cd8                FSUSER_RenameFile
 .text.FSUSER_DeleteDirectory
                0x00109dd0       0xbc G:/devkitPro/libctru/lib\libctru.a(fs.o)
                0x00109dd0                FSUSER_DeleteDirectory
 .text.FSUSER_CreateFile
                0x00109e8c       0xd4 G:/devkitPro/libctru/lib\libctru.a(fs.o)
                0x00109e8c                FSUSER_CreateFile
 .text.FSUSER_CreateDirectory
                0x00109f60       0xc4 G:/devkitPro/libctru/lib\libctru.a(fs.o)
                0x00109f60                FSUSER_CreateDirectory
 .text.FSUSER_RenameDirectory
                0x0010a024       0xf8 G:/devkitPro/libctru/lib\libctru.a(fs.o)
                0x0010a024                FSUSER_RenameDirectory
 .text.FSUSER_OpenDirectory
                0x0010a11c       0xb4 G:/devkitPro/libctru/lib\libctru.a(fs.o)
                0x0010a11c                FSUSER_OpenDirectory
 .text.FSUSER_OpenArchive
                0x0010a1d0       0x94 G:/devkitPro/libctru/lib\libctru.a(fs.o)
                0x0010a1d0                FSUSER_OpenArchive
 .text.FSUSER_CloseArchive
                0x0010a264       0x8c G:/devkitPro/libctru/lib\libctru.a(fs.o)
                0x0010a264                FSUSER_CloseArchive
 .text.FSUSER_GetSdmcArchiveResource
                0x0010a2f0       0x74 G:/devkitPro/libctru/lib\libctru.a(fs.o)
                0x0010a2f0                FSUSER_GetSdmcArchiveResource
 .text.FSUSER_IsSdmcWritable
                0x0010a364       0x64 G:/devkitPro/libctru/lib\libctru.a(fs.o)
                0x0010a364                FSUSER_IsSdmcWritable
 .text.FSFILE_Read
                0x0010a3c8       0x58 G:/devkitPro/libctru/lib\libctru.a(fs.o)
                0x0010a3c8                FSFILE_Read
 .text.FSFILE_Write
                0x0010a420       0x60 G:/devkitPro/libctru/lib\libctru.a(fs.o)
                0x0010a420                FSFILE_Write
 .text.FSFILE_GetSize
                0x0010a480       0x38 G:/devkitPro/libctru/lib\libctru.a(fs.o)
                0x0010a480                FSFILE_GetSize
 .text.FSFILE_SetSize
                0x0010a4b8       0x28 G:/devkitPro/libctru/lib\libctru.a(fs.o)
                0x0010a4b8                FSFILE_SetSize
 .text.FSFILE_Close
                0x0010a4e0       0x3c G:/devkitPro/libctru/lib\libctru.a(fs.o)
                0x0010a4e0                FSFILE_Close
 .text.FSFILE_Flush
                0x0010a51c       0x24 G:/devkitPro/libctru/lib\libctru.a(fs.o)
                0x0010a51c                FSFILE_Flush
 .text.FSDIR_Read
                0x0010a540       0x50 G:/devkitPro/libctru/lib\libctru.a(fs.o)
                0x0010a540                FSDIR_Read
 .text.FSDIR_Close
                0x0010a590       0x3c G:/devkitPro/libctru/lib\libctru.a(fs.o)
                0x0010a590                FSDIR_Close
 .text.rbtree_node_next
                0x0010a5cc       0x5c G:/devkitPro/libctru/lib\libctru.a(rbtree_iterator.o)
                0x0010a5cc                rbtree_node_next
 .text.decode_utf8
                0x0010a628      0x13c G:/devkitPro/libctru/lib\libctru.a(decode_utf8.o)
                0x0010a628                decode_utf8
 .text.utf16_to_utf8
                0x0010a764       0xe8 G:/devkitPro/libctru/lib\libctru.a(utf16_to_utf8.o)
                0x0010a764                utf16_to_utf8
 .text.utf8_to_utf16
                0x0010a84c       0xc0 G:/devkitPro/libctru/lib\libctru.a(utf8_to_utf16.o)
                0x0010a84c                utf8_to_utf16
 .text.__aeabi_read_tp
                0x0010a90c        0xc G:/devkitPro/libctru/lib\libctru.a(readtp.o)
                0x0010a90c                __aeabi_read_tp
 .text.decode_utf16
                0x0010a918       0x64 G:/devkitPro/libctru/lib\libctru.a(decode_utf16.o)
                0x0010a918                decode_utf16
 .text.encode_utf16
                0x0010a97c       0x54 G:/devkitPro/libctru/lib\libctru.a(encode_utf16.o)
                0x0010a97c                encode_utf16
 .text.encode_utf8
                0x0010a9d0       0xe0 G:/devkitPro/libctru/lib\libctru.a(encode_utf8.o)
                0x0010a9d0                encode_utf8
 .text.__udivmoddi4
                0x0010aab0      0x120 G:/devkitPro/devkitARM/bin/../lib/gcc/arm-none-eabi/13.2.0/armv6k/fpu\libgcc.a(_udivmoddi4.o)
                0x0010aab0                __udivmoddi4
 .text._perror_r
                0x0010abd0      0x1e0 G:/devkitPro/devkitARM/bin/../lib/gcc/arm-none-eabi/13.2.0/../../../../arm-none-eabi/lib/armv6k/fpu\libg.a(libc_a-perror.o)
                0x0010abd0                _perror_r
 .text.perror   0x0010adb0       0x18 G:/devkitPro/devkitARM/bin/../lib/gcc/arm-none-eabi/13.2.0/../../../../arm-none-eabi/lib/armv6k/fpu\libg.a(libc_a-perror.o)
                0x0010adb0                perror
 .text.printf   0x0010adc8       0x34 G:/devkitPro/devkitARM/bin/../lib/gcc/arm-none-eabi/13.2.0/../../../../arm-none-eabi/lib/armv6k/fpu\libg.a(libc_a-printf.o)
                0x0010adc8                printf
 .text.memalign
                0x0010adfc       0x20 G:/devkitPro/devkitARM/bin/../lib/gcc/arm-none-eabi/13.2.0/../../../../arm-none-eabi/lib/armv6k/fpu\libg.a(libc_a-malign.o)
                0x0010adfc                memalign
 .text._memalign_r
                0x0010ae1c      0x14c G:/devkitPro/devkitARM/bin/../lib/gcc/arm-none-eabi/13.2.0/../../../../arm-none-eabi/lib/armv6k/fpu\libg.a(libc_a-malignr.o)
                0x0010ae1c                _memalign_r
 .text.putchar  0x0010af68       0x1c G:/devkitPro/devkitARM/bin/../lib/gcc/arm-none-eabi/13.2.0/../../../../arm-none-eabi/lib/armv6k/fpu\libg.a(libc_a-putchar.o)
                0x0010af68                putchar
 .text.atexit   0x0010af84       0x14 G:/devkitPro/devkitARM/bin/../lib/gcc/arm-none-eabi/13.2.0/../../../../arm-none-eabi/lib/armv6k/fpu\libg.a(libc_a-atexit.o)
                0x0010af84                atexit
 .text.snprintf
                0x0010af98       0xcc G:/devkitPro/devkitARM/bin/../lib/gcc/arm-none-eabi/13.2.0/../../../../arm-none-eabi/lib/armv6k/fpu\libg.a(libc_a-snprintf.o)
                0x0010af98                snprintf
 .text._puts_r  0x0010b064       0xe0 G:/devkitPro/devkitARM/bin/../lib/gcc/arm-none-eabi/13.2.0/../../../../arm-none-eabi/lib/armv6k/fpu\libg.a(libc_a-puts.o)
                0x0010b064                _puts_r
 .text.puts     0x0010b144       0x18 G:/devkitPro/devkitARM/bin/../lib/gcc/arm-none-eabi/13.2.0/../../../../arm-none-eabi/lib/armv6k/fpu\libg.a(libc_a-puts.o)
                0x0010b144                puts
 .text.bsearch  0x0010b15c       0x78 G:/devkitPro/devkitARM/bin/../lib/gcc/arm-none-eabi/13.2.0/../../../../arm-none-eabi/lib/armv6k/fpu\libg.a(libc_a-bsearch.o)
                0x0010b15c                bsearch
 .text.setvbuf  0x0010b1d4      0x25c G:/devkitPro/devkitARM/bin/../lib/gcc/arm-none-eabi/13.2.0/../../../../arm-none-eabi/lib/armv6k/fpu\libg.a(libc_a-setvbuf.o)
                0x0010b1d4                setvbuf
 .text.exit     0x0010b430       0x30 G:/devkitPro/devkitARM/bin/../lib/gcc/arm-none-eabi/13.2.0/../../../../arm-none-eabi/lib/armv6k/fpu\libg.a(libc_a-exit.o)
                0x0010b430                exit
 .text._malloc_trim_r
                0x0010b460       0xf8 G:/devkitPro/devkitARM/bin/../lib/gcc/arm-none-eabi/13.2.0/../../../../arm-none-eabi/lib/armv6k/fpu\libg.a(libc_a-freer.o)
                0x0010b460                _malloc_trim_r
 .text._free_r  0x0010b558      0x2e8 G:/devkitPro/devkitARM/bin/../lib/gcc/arm-none-eabi/13.2.0/../../../../arm-none-eabi/lib/armv6k/fpu\libg.a(libc_a-freer.o)
                0x0010b558                _free_r
 .text._fclose_r
                0x0010b840      0x148 G:/devkitPro/devkitARM/bin/../lib/gcc/arm-none-eabi/13.2.0/../../../../arm-none-eabi/lib/armv6k/fpu\libg.a(libc_a-fclose.o)
                0x0010b840                _fclose_r
 .text.fclose   0x0010b988       0x18 G:/devkitPro/devkitARM/bin/../lib/gcc/arm-none-eabi/13.2.0/../../../../arm-none-eabi/lib/armv6k/fpu\libg.a(libc_a-fclose.o)
                0x0010b988                fclose
 .text.get_arg  0x0010b9a0      0x64c G:/devkitPro/devkitARM/bin/../lib/gcc/arm-none-eabi/13.2.0/../../../../arm-none-eabi/lib/armv6k/fpu\libg.a(libc_a-svfprintf.o)
 *fill*         0x0010bfec        0x4 
 .text._svfprintf_r
                0x0010bff0     0x3324 G:/devkitPro/devkitARM/bin/../lib/gcc/arm-none-eabi/13.2.0/../../../../arm-none-eabi/lib/armv6k/fpu\libg.a(libc_a-svfprintf.o)
                0x0010bff0                _svfprintf_r
 .text.malloc   0x0010f314       0x18 G:/devkitPro/devkitARM/bin/../lib/gcc/arm-none-eabi/13.2.0/../../../../arm-none-eabi/lib/armv6k/fpu\libg.a(libc_a-malloc.o)
                0x0010f314                malloc
 .text.free     0x0010f32c       0x18 G:/devkitPro/devkitARM/bin/../lib/gcc/arm-none-eabi/13.2.0/../../../../arm-none-eabi/lib/armv6k/fpu\libg.a(libc_a-malloc.o)
                0x0010f32c                free
 .text._malloc_r
                0x0010f344      0x79c G:/devkitPro/devkitARM/bin/../lib/gcc/arm-none-eabi/13.2.0/../../../../arm-none-eabi/lib/armv6k/fpu\libg.a(libc_a-mallocr.o)
                0x0010f344                _malloc_r
 .text.memset   0x0010fae0       0xf4 G:/devkitPro/devkitARM/bin/../lib/gcc/arm-none-eabi/13.2.0/../../../../arm-none-eabi/lib/armv6k/fpu\libg.a(libc_a-memset.o)
                0x0010fae0                memset
 .text.__malloc_lock
                0x0010fbd4        0xc G:/devkitPro/devkitARM/bin/../lib/gcc/arm-none-eabi/13.2.0/../../../../arm-none-eabi/lib/armv6k/fpu\libg.a(libc_a-mlock.o)
                0x0010fbd4                __malloc_lock
 .text.__malloc_unlock
                0x0010fbe0        0xc G:/devkitPro/devkitARM/bin/../lib/gcc/arm-none-eabi/13.2.0/../../../../arm-none-eabi/lib/armv6k/fpu\libg.a(libc_a-mlock.o)
                0x0010fbe0                __malloc_unlock
 .text.get_arg  0x0010fbec      0x64c G:/devkitPro/devkitARM/bin/../lib/gcc/arm-none-eabi/13.2.0/../../../../arm-none-eabi/lib/armv6k/fpu\libg.a(libc_a-vfprintf.o)
 .text._vfprintf_r
                0x00110238     0x3378 G:/devkitPro/devkitARM/bin/../lib/gcc/arm-none-eabi/13.2.0/../../../../arm-none-eabi/lib/armv6k/fpu\libg.a(libc_a-vfprintf.o)
                0x00110238                _vfprintf_r
 .text.__sbprintf
                0x001135b0       0xb8 G:/devkitPro/devkitARM/bin/../lib/gcc/arm-none-eabi/13.2.0/../../../../arm-none-eabi/lib/armv6k/fpu\libg.a(libc_a-vfprintf.o)
 .text.strlen   0x00113668       0x90 G:/devkitPro/devkitARM/bin/../lib/gcc/arm-none-eabi/13.2.0/../../../../arm-none-eabi/lib/armv6k/fpu\libg.a(libc_a-strlen.o)
                0x00113668                strlen
 .text._fopen_r
                0x001136f8      0x12c G:/devkitPro/devkitARM/bin/../lib/gcc/arm-none-eabi/13.2.0/../../../../arm-none-eabi/lib/armv6k/fpu\libg.a(libc_a-fopen.o)
                0x001136f8                _fopen_r
 .text.fopen    0x00113824       0x20 G:/devkitPro/devkitARM/bin/../lib/gcc/arm-none-eabi/13.2.0/../../../../arm-none-eabi/lib/armv6k/fpu\libg.a(libc_a-fopen.o)
                0x00113824                fopen
 .text.__sflush_r
                0x00113844      0x22c G:/devkitPro/devkitARM/bin/../lib/gcc/arm-none-eabi/13.2.0/../../../../arm-none-eabi/lib/armv6k/fpu\libg.a(libc_a-fflush.o)
                0x00113844                __sflush_r
 .text._fflush_r
                0x00113a70       0x94 G:/devkitPro/devkitARM/bin/../lib/gcc/arm-none-eabi/13.2.0/../../../../arm-none-eabi/lib/armv6k/fpu\libg.a(libc_a-fflush.o)
                0x00113a70                _fflush_r
 .text.fflush   0x00113b04       0x3c G:/devkitPro/devkitARM/bin/../lib/gcc/arm-none-eabi/13.2.0/../../../../arm-none-eabi/lib/armv6k/fpu\libg.a(libc_a-fflush.o)
                0x00113b04                fflush
 .text.ftell    0x00113b40       0x2c G:/devkitPro/devkitARM/bin/../lib/gcc/arm-none-eabi/13.2.0/../../../../arm-none-eabi/lib/armv6k/fpu\libg.a(libc_a-ftell.o)
                0x00113b40                ftell
 .text.strncat  0x00113b6c       0xe4 G:/devkitPro/devkitARM/bin/../lib/gcc/arm-none-eabi/13.2.0/../../../../arm-none-eabi/lib/armv6k/fpu\libg.a(libc_a-strncat.o)
                0x00113b6c                strncat
 .text._strerror_r
                0x00113c50      0x63c G:/devkitPro/devkitARM/bin/../lib/gcc/arm-none-eabi/13.2.0/../../../../arm-none-eabi/lib/armv6k/fpu\libg.a(libc_a-strerror.o)
                0x00113c50                _strerror_r
 .text.__sfvwrite_r
                0x0011428c      0x4b4 G:/devkitPro/devkitARM/bin/../lib/gcc/arm-none-eabi/13.2.0/../../../../arm-none-eabi/lib/armv6k/fpu\libg.a(libc_a-fvwrite.o)
                0x0011428c                __sfvwrite_r
 .text.strncmp  0x00114740       0xe4 G:/devkitPro/devkitARM/bin/../lib/gcc/arm-none-eabi/13.2.0/../../../../arm-none-eabi/lib/armv6k/fpu\libg.a(libc_a-strncmp.o)
                0x00114740                strncmp
 .text._fwalk_sglue
                0x00114824       0x70 G:/devkitPro/devkitARM/bin/../lib/gcc/arm-none-eabi/13.2.0/../../../../arm-none-eabi/lib/armv6k/fpu\libg.a(libc_a-fwalk.o)
                0x00114824                _fwalk_sglue
 .text._fread_r
                0x00114894      0x344 G:/devkitPro/devkitARM/bin/../lib/gcc/arm-none-eabi/13.2.0/../../../../arm-none-eabi/lib/armv6k/fpu\libg.a(libc_a-fread.o)
                0x00114894                _fread_r
 .text.fread    0x00114bd8       0x38 G:/devkitPro/devkitARM/bin/../lib/gcc/arm-none-eabi/13.2.0/../../../../arm-none-eabi/lib/armv6k/fpu\libg.a(libc_a-fread.o)
                0x00114bd8                fread
 .text.fileno   0x00114c10       0xb4 G:/devkitPro/devkitARM/bin/../lib/gcc/arm-none-eabi/13.2.0/../../../../arm-none-eabi/lib/armv6k/fpu\libg.a(libc_a-fileno.o)
                0x00114c10                fileno
 .text._realloc_r
                0x00114cc4      0x4a0 G:/devkitPro/devkitARM/bin/../lib/gcc/arm-none-eabi/13.2.0/../../../../arm-none-eabi/lib/armv6k/fpu\libg.a(libc_a-reallocr.o)
                0x00114cc4                _realloc_r
 .text.strncpy  0x00115164       0xc4 G:/devkitPro/devkitARM/bin/../lib/gcc/arm-none-eabi/13.2.0/../../../../arm-none-eabi/lib/armv6k/fpu\libg.a(libc_a-strncpy.o)
                0x00115164                strncpy
 .text._fwrite_r
                0x00115228       0xf0 G:/devkitPro/devkitARM/bin/../lib/gcc/arm-none-eabi/13.2.0/../../../../arm-none-eabi/lib/armv6k/fpu\libg.a(libc_a-fwrite.o)
                0x00115228                _fwrite_r
 .text.fwrite   0x00115318       0x38 G:/devkitPro/devkitARM/bin/../lib/gcc/arm-none-eabi/13.2.0/../../../../arm-none-eabi/lib/armv6k/fpu\libg.a(libc_a-fwrite.o)
                0x00115318                fwrite
 .text.stdio_exit_handler
                0x00115350       0x1c G:/devkitPro/devkitARM/bin/../lib/gcc/arm-none-eabi/13.2.0/../../../../arm-none-eabi/lib/armv6k/fpu\libg.a(libc_a-findfp.o)
 .text.cleanup_stdio
                0x0011536c       0x5c G:/devkitPro/devkitARM/bin/../lib/gcc/arm-none-eabi/13.2.0/../../../../arm-none-eabi/lib/armv6k/fpu\libg.a(libc_a-findfp.o)
 .text.global_stdio_init.part.0
                0x001153c8      0x154 G:/devkitPro/devkitARM/bin/../lib/gcc/arm-none-eabi/13.2.0/../../../../arm-none-eabi/lib/armv6k/fpu\libg.a(libc_a-findfp.o)
 .text.__sfp    0x0011551c      0x134 G:/devkitPro/devkitARM/bin/../lib/gcc/arm-none-eabi/13.2.0/../../../../arm-none-eabi/lib/armv6k/fpu\libg.a(libc_a-findfp.o)
                0x0011551c                __sfp
 .text.__sinit  0x00115650       0x5c G:/devkitPro/devkitARM/bin/../lib/gcc/arm-none-eabi/13.2.0/../../../../arm-none-eabi/lib/armv6k/fpu\libg.a(libc_a-findfp.o)
                0x00115650                __sinit
 .text.__sfp_lock_acquire
                0x001156ac        0xc G:/devkitPro/devkitARM/bin/../lib/gcc/arm-none-eabi/13.2.0/../../../../arm-none-eabi/lib/armv6k/fpu\libg.a(libc_a-findfp.o)
                0x001156ac                __sfp_lock_acquire
 .text.__sfp_lock_release
                0x001156b8        0xc G:/devkitPro/devkitARM/bin/../lib/gcc/arm-none-eabi/13.2.0/../../../../arm-none-eabi/lib/armv6k/fpu\libg.a(libc_a-findfp.o)
                0x001156b8                __sfp_lock_release
 .text.strnlen  0x001156c4       0x48 G:/devkitPro/devkitARM/bin/../lib/gcc/arm-none-eabi/13.2.0/../../../../arm-none-eabi/lib/armv6k/fpu\libg.a(libc_a-strnlen.o)
                0x001156c4                strnlen
 .text._fseek_r
                0x0011570c       0x1c G:/devkitPro/devkitARM/bin/../lib/gcc/arm-none-eabi/13.2.0/../../../../arm-none-eabi/lib/armv6k/fpu\libg.a(libc_a-fseek.o)
                0x0011570c                _fseek_r
 .text.fseek    0x00115728       0x34 G:/devkitPro/devkitARM/bin/../lib/gcc/arm-none-eabi/13.2.0/../../../../arm-none-eabi/lib/armv6k/fpu\libg.a(libc_a-fseek.o)
                0x00115728                fseek
 .text._user_strerror
                0x0011575c        0x8 G:/devkitPro/devkitARM/bin/../lib/gcc/arm-none-eabi/13.2.0/../../../../arm-none-eabi/lib/armv6k/fpu\libg.a(libc_a-u_strerr.o)
                0x0011575c                _user_strerror
 .text._strtoul_l.isra.0
                0x00115764      0x1d8 G:/devkitPro/devkitARM/bin/../lib/gcc/arm-none-eabi/13.2.0/../../../../arm-none-eabi/lib/armv6k/fpu\libg.a(libc_a-strtoul.o)
 .text.strtoul  0x0011593c       0x34 G:/devkitPro/devkitARM/bin/../lib/gcc/arm-none-eabi/13.2.0/../../../../arm-none-eabi/lib/armv6k/fpu\libg.a(libc_a-strtoul.o)
                0x0011593c                strtoul
 .text.__locale_mb_cur_max
                0x00115970       0x24 G:/devkitPro/devkitARM/bin/../lib/gcc/arm-none-eabi/13.2.0/../../../../arm-none-eabi/lib/armv6k/fpu\libg.a(libc_a-locale.o)
                0x00115970                __locale_mb_cur_max
 .text.critical_factorization
                0x00115994      0x128 G:/devkitPro/devkitARM/bin/../lib/gcc/arm-none-eabi/13.2.0/../../../../arm-none-eabi/lib/armv6k/fpu\libg.a(libc_a-strstr.o)
 .text.two_way_long_needle
                0x00115abc      0x364 G:/devkitPro/devkitARM/bin/../lib/gcc/arm-none-eabi/13.2.0/../../../../arm-none-eabi/lib/armv6k/fpu\libg.a(libc_a-strstr.o)
 .text.strstr   0x00115e20      0x248 G:/devkitPro/devkitARM/bin/../lib/gcc/arm-none-eabi/13.2.0/../../../../arm-none-eabi/lib/armv6k/fpu\libg.a(libc_a-strstr.o)
                0x00115e20                strstr
 .text._localeconv_r
                0x00116068       0x24 G:/devkitPro/devkitARM/bin/../lib/gcc/arm-none-eabi/13.2.0/../../../../arm-none-eabi/lib/armv6k/fpu\libg.a(libc_a-localeconv.o)
                0x00116068                _localeconv_r
 .text.memchr   0x0011608c       0xe0 G:/devkitPro/devkitARM/bin/../lib/gcc/arm-none-eabi/13.2.0/../../../../arm-none-eabi/lib/armv6k/fpu\libg.a(libc_a-memchr-stub.o)
                0x0011608c                memchr
 .text.__utf8_wctomb
                0x0011616c       0xf0 G:/devkitPro/devkitARM/bin/../lib/gcc/arm-none-eabi/13.2.0/../../../../arm-none-eabi/lib/armv6k/fpu\libg.a(libc_a-wctomb_r.o)
                0x0011616c                __utf8_wctomb
 .text.memcpy   0x0011625c      0x11c G:/devkitPro/devkitARM/bin/../lib/gcc/arm-none-eabi/13.2.0/../../../../arm-none-eabi/lib/armv6k/fpu\libg.a(libc_a-memcpy-stub.o)
                0x0011625c                memcpy
 .text.__libc_init_array
                0x00116378       0x84 G:/devkitPro/devkitARM/bin/../lib/gcc/arm-none-eabi/13.2.0/../../../../arm-none-eabi/lib/armv6k/fpu\libg.a(libc_a-init.o)
                0x00116378                __libc_init_array
 .text.__errno  0x001163fc        0xc G:/devkitPro/devkitARM/bin/../lib/gcc/arm-none-eabi/13.2.0/../../../../arm-none-eabi/lib/armv6k/fpu\libg.a(libc_a-errno.o)
                0x001163fc                __errno
 .text.stat     0x00116408       0x20 G:/devkitPro/devkitARM/bin/../lib/gcc/arm-none-eabi/13.2.0/../../../../arm-none-eabi/lib/armv6k/fpu\libg.a(libc_a-sysstat.o)
                0x00116408                stat
 .text.frexp    0x00116428       0x88 G:/devkitPro/devkitARM/bin/../lib/gcc/arm-none-eabi/13.2.0/../../../../arm-none-eabi/lib/armv6k/fpu\libg.a(libm_a-s_frexp.o)
                0x00116428                frexp
 .text.__smakebuf_r
                0x001164b0      0x12c G:/devkitPro/devkitARM/bin/../lib/gcc/arm-none-eabi/13.2.0/../../../../arm-none-eabi/lib/armv6k/fpu\libg.a(libc_a-makebuf.o)
                0x001164b0                __smakebuf_r
 .text.__swhatbuf_r
                0x001165dc       0x8c G:/devkitPro/devkitARM/bin/../lib/gcc/arm-none-eabi/13.2.0/../../../../arm-none-eabi/lib/armv6k/fpu\libg.a(libc_a-makebuf.o)
                0x001165dc                __swhatbuf_r
 .text._wcrtomb_r
                0x00116668       0xa0 G:/devkitPro/devkitARM/bin/../lib/gcc/arm-none-eabi/13.2.0/../../../../arm-none-eabi/lib/armv6k/fpu\libg.a(libc_a-wcrtomb.o)
                0x00116668                _wcrtomb_r
 .text._wcsrtombs_r
                0x00116708       0x28 G:/devkitPro/devkitARM/bin/../lib/gcc/arm-none-eabi/13.2.0/../../../../arm-none-eabi/lib/armv6k/fpu\libg.a(libc_a-wcsrtombs.o)
                0x00116708                _wcsrtombs_r
 .text.__register_exitproc
                0x00116730       0xb0 G:/devkitPro/devkitARM/bin/../lib/gcc/arm-none-eabi/13.2.0/../../../../arm-none-eabi/lib/armv6k/fpu\libg.a(libc_a-__atexit.o)
                0x00116730                __register_exitproc
 .text._putc_r  0x001167e0       0xdc G:/devkitPro/devkitARM/bin/../lib/gcc/arm-none-eabi/13.2.0/../../../../arm-none-eabi/lib/armv6k/fpu\libg.a(libc_a-putc.o)
                0x001167e0                _putc_r
 .text.__call_exitprocs
                0x001168bc      0x12c G:/devkitPro/devkitARM/bin/../lib/gcc/arm-none-eabi/13.2.0/../../../../arm-none-eabi/lib/armv6k/fpu\libg.a(libc_a-__call_atexit.o)
                0x001168bc                __call_exitprocs
 .text.lflush   0x001169e8       0x38 G:/devkitPro/devkitARM/bin/../lib/gcc/arm-none-eabi/13.2.0/../../../../arm-none-eabi/lib/armv6k/fpu\libg.a(libc_a-refill.o)
 .text.__srefill_r
                0x00116a20      0x19c G:/devkitPro/devkitARM/bin/../lib/gcc/arm-none-eabi/13.2.0/../../../../arm-none-eabi/lib/armv6k/fpu\libg.a(libc_a-refill.o)
                0x00116a20                __srefill_r
 .text.__sread  0x00116bbc       0x44 G:/devkitPro/devkitARM/bin/../lib/gcc/arm-none-eabi/13.2.0/../../../../arm-none-eabi/lib/armv6k/fpu\libg.a(libc_a-stdio.o)
                0x00116bbc                __sread
 .text.__swrite
                0x00116c00       0x68 G:/devkitPro/devkitARM/bin/../lib/gcc/arm-none-eabi/13.2.0/../../../../arm-none-eabi/lib/armv6k/fpu\libg.a(libc_a-stdio.o)
                0x00116c00                __swrite
 .text.__sseek  0x00116c68       0x44 G:/devkitPro/devkitARM/bin/../lib/gcc/arm-none-eabi/13.2.0/../../../../arm-none-eabi/lib/armv6k/fpu\libg.a(libc_a-stdio.o)
                0x00116c68                __sseek
 .text.__sclose
                0x00116cac        0x8 G:/devkitPro/devkitARM/bin/../lib/gcc/arm-none-eabi/13.2.0/../../../../arm-none-eabi/lib/armv6k/fpu\libg.a(libc_a-stdio.o)
                0x00116cac                __sclose
 .text.get_arg  0x00116cb4      0x64c G:/devkitPro/devkitARM/bin/../lib/gcc/arm-none-eabi/13.2.0/../../../../arm-none-eabi/lib/armv6k/fpu\libg.a(libc_a-vfiprintf.o)
 .text.__sprint_r
                0x00117300       0x30 G:/devkitPro/devkitARM/bin/../lib/gcc/arm-none-eabi/13.2.0/../../../../arm-none-eabi/lib/armv6k/fpu\libg.a(libc_a-vfiprintf.o)
                0x00117300                __sprint_r
 .text._vfiprintf_r
                0x00117330     0x2304 G:/devkitPro/devkitARM/bin/../lib/gcc/arm-none-eabi/13.2.0/../../../../arm-none-eabi/lib/armv6k/fpu\libg.a(libc_a-vfiprintf.o)
                0x00117330                _vfiprintf_r
 .text.__sbprintf
                0x00119634       0xb8 G:/devkitPro/devkitARM/bin/../lib/gcc/arm-none-eabi/13.2.0/../../../../arm-none-eabi/lib/armv6k/fpu\libg.a(libc_a-vfiprintf.o)
 .text.__ssprint_r
                0x001196ec      0x18c G:/devkitPro/devkitARM/bin/../lib/gcc/arm-none-eabi/13.2.0/../../../../arm-none-eabi/lib/armv6k/fpu\libg.a(libc_a-svfiprintf.o)
                0x001196ec                __ssprint_r
 .text.__swbuf_r
                0x00119878      0x108 G:/devkitPro/devkitARM/bin/../lib/gcc/arm-none-eabi/13.2.0/../../../../arm-none-eabi/lib/armv6k/fpu\libg.a(libc_a-wbuf.o)
                0x00119878                __swbuf_r
 .text.__swsetup_r
                0x00119980      0x138 G:/devkitPro/devkitARM/bin/../lib/gcc/arm-none-eabi/13.2.0/../../../../arm-none-eabi/lib/armv6k/fpu\libg.a(libc_a-wsetup.o)
                0x00119980                __swsetup_r
 .text.quorem   0x00119ab8      0x1b4 G:/devkitPro/devkitARM/bin/../lib/gcc/arm-none-eabi/13.2.0/../../../../arm-none-eabi/lib/armv6k/fpu\libg.a(libc_a-dtoa.o)
 *fill*         0x00119c6c        0x4 
 .text._dtoa_r  0x00119c70     0x1218 G:/devkitPro/devkitARM/bin/../lib/gcc/arm-none-eabi/13.2.0/../../../../arm-none-eabi/lib/armv6k/fpu\libg.a(libc_a-dtoa.o)
                0x00119c70                _dtoa_r
 .text.strchr   0x0011ae88      0x130 G:/devkitPro/devkitARM/bin/../lib/gcc/arm-none-eabi/13.2.0/../../../../arm-none-eabi/lib/armv6k/fpu\libg.a(libc_a-strchr.o)
                0x0011ae88                strchr
 .text.memcmp   0x0011afb8       0xd8 G:/devkitPro/devkitARM/bin/../lib/gcc/arm-none-eabi/13.2.0/../../../../arm-none-eabi/lib/armv6k/fpu\libg.a(libc_a-memcmp.o)
                0x0011afb8                memcmp
 .text.memmove  0x0011b090      0x150 G:/devkitPro/devkitARM/bin/../lib/gcc/arm-none-eabi/13.2.0/../../../../arm-none-eabi/lib/armv6k/fpu\libg.a(libc_a-memmove.o)
                0x0011b090                memmove
 .text._fseeko_r
                0x0011b1e0      0x590 G:/devkitPro/devkitARM/bin/../lib/gcc/arm-none-eabi/13.2.0/../../../../arm-none-eabi/lib/armv6k/fpu\libg.a(libc_a-fseeko.o)
                0x0011b1e0                _fseeko_r
 .text._ftello_r
                0x0011b770      0x1b4 G:/devkitPro/devkitARM/bin/../lib/gcc/arm-none-eabi/13.2.0/../../../../arm-none-eabi/lib/armv6k/fpu\libg.a(libc_a-ftello.o)
                0x0011b770                _ftello_r
 .text.__sflags
                0x0011b924       0xb4 G:/devkitPro/devkitARM/bin/../lib/gcc/arm-none-eabi/13.2.0/../../../../arm-none-eabi/lib/armv6k/fpu\libg.a(libc_a-flags.o)
                0x0011b924                __sflags
 .text._Balloc  0x0011b9d8       0x88 G:/devkitPro/devkitARM/bin/../lib/gcc/arm-none-eabi/13.2.0/../../../../arm-none-eabi/lib/armv6k/fpu\libg.a(libc_a-mprec.o)
                0x0011b9d8                _Balloc
 .text._Bfree   0x0011ba60       0x1c G:/devkitPro/devkitARM/bin/../lib/gcc/arm-none-eabi/13.2.0/../../../../arm-none-eabi/lib/armv6k/fpu\libg.a(libc_a-mprec.o)
                0x0011ba60                _Bfree
 .text.__multadd
                0x0011ba7c       0xf4 G:/devkitPro/devkitARM/bin/../lib/gcc/arm-none-eabi/13.2.0/../../../../arm-none-eabi/lib/armv6k/fpu\libg.a(libc_a-mprec.o)
                0x0011ba7c                __multadd
 .text.__hi0bits
                0x0011bb70       0x60 G:/devkitPro/devkitARM/bin/../lib/gcc/arm-none-eabi/13.2.0/../../../../arm-none-eabi/lib/armv6k/fpu\libg.a(libc_a-mprec.o)
                0x0011bb70                __hi0bits
 .text.__lo0bits
                0x0011bbd0       0x9c G:/devkitPro/devkitARM/bin/../lib/gcc/arm-none-eabi/13.2.0/../../../../arm-none-eabi/lib/armv6k/fpu\libg.a(libc_a-mprec.o)
                0x0011bbd0                __lo0bits
 .text.__i2b    0x0011bc6c       0xa4 G:/devkitPro/devkitARM/bin/../lib/gcc/arm-none-eabi/13.2.0/../../../../arm-none-eabi/lib/armv6k/fpu\libg.a(libc_a-mprec.o)
                0x0011bc6c                __i2b
 .text.__multiply
                0x0011bd10      0x204 G:/devkitPro/devkitARM/bin/../lib/gcc/arm-none-eabi/13.2.0/../../../../arm-none-eabi/lib/armv6k/fpu\libg.a(libc_a-mprec.o)
                0x0011bd10                __multiply
 .text.__pow5mult
                0x0011bf14      0x128 G:/devkitPro/devkitARM/bin/../lib/gcc/arm-none-eabi/13.2.0/../../../../arm-none-eabi/lib/armv6k/fpu\libg.a(libc_a-mprec.o)
                0x0011bf14                __pow5mult
 .text.__lshift
                0x0011c03c      0x140 G:/devkitPro/devkitARM/bin/../lib/gcc/arm-none-eabi/13.2.0/../../../../arm-none-eabi/lib/armv6k/fpu\libg.a(libc_a-mprec.o)
                0x0011c03c                __lshift
 .text.__mcmp   0x0011c17c       0x58 G:/devkitPro/devkitARM/bin/../lib/gcc/arm-none-eabi/13.2.0/../../../../arm-none-eabi/lib/armv6k/fpu\libg.a(libc_a-mprec.o)
                0x0011c17c                __mcmp
 .text.__mdiff  0x0011c1d4      0x1fc G:/devkitPro/devkitARM/bin/../lib/gcc/arm-none-eabi/13.2.0/../../../../arm-none-eabi/lib/armv6k/fpu\libg.a(libc_a-mprec.o)
                0x0011c1d4                __mdiff
 .text.__d2b    0x0011c3d0      0x124 G:/devkitPro/devkitARM/bin/../lib/gcc/arm-none-eabi/13.2.0/../../../../arm-none-eabi/lib/armv6k/fpu\libg.a(libc_a-mprec.o)
                0x0011c3d0                __d2b
 .text.__utf8_mbtowc
                0x0011c4f4      0x2f8 G:/devkitPro/devkitARM/bin/../lib/gcc/arm-none-eabi/13.2.0/../../../../arm-none-eabi/lib/armv6k/fpu\libg.a(libc_a-mbtowc_r.o)
                0x0011c4f4                __utf8_mbtowc
 .text._wcsnrtombs_l
                0x0011c7ec      0x188 G:/devkitPro/devkitARM/bin/../lib/gcc/arm-none-eabi/13.2.0/../../../../arm-none-eabi/lib/armv6k/fpu\libg.a(libc_a-wcsnrtombs.o)
                0x0011c7ec                _wcsnrtombs_l
 .text._wcsnrtombs_r
                0x0011c974       0x64 G:/devkitPro/devkitARM/bin/../lib/gcc/arm-none-eabi/13.2.0/../../../../arm-none-eabi/lib/armv6k/fpu\libg.a(libc_a-wcsnrtombs.o)
                0x0011c974                _wcsnrtombs_r
 .text._calloc_r
                0x0011c9d8       0xc0 G:/devkitPro/devkitARM/bin/../lib/gcc/arm-none-eabi/13.2.0/../../../../arm-none-eabi/lib/armv6k/fpu\libg.a(libc_a-callocr.o)
                0x0011c9d8                _calloc_r
 .text.__assert_func
                0x0011ca98       0x5c G:/devkitPro/devkitARM/bin/../lib/gcc/arm-none-eabi/13.2.0/../../../../arm-none-eabi/lib/armv6k/fpu\libg.a(libc_a-assert.o)
                0x0011ca98                __assert_func
 .text.fiprintf
                0x0011caf4       0x3c G:/devkitPro/devkitARM/bin/../lib/gcc/arm-none-eabi/13.2.0/../../../../arm-none-eabi/lib/armv6k/fpu\libg.a(libc_a-fiprintf.o)
                0x0011caf4                fiprintf
 .text.abort    0x0011cb30       0x14 G:/devkitPro/devkitARM/bin/../lib/gcc/arm-none-eabi/13.2.0/../../../../arm-none-eabi/lib/armv6k/fpu\libg.a(libc_a-abort.o)
                0x0011cb30                abort
 .text._raise_r
                0x0011cb44       0x90 G:/devkitPro/devkitARM/bin/../lib/gcc/arm-none-eabi/13.2.0/../../../../arm-none-eabi/lib/armv6k/fpu\libg.a(libc_a-signal.o)
                0x0011cb44                _raise_r
 .text.raise    0x0011cbd4       0x18 G:/devkitPro/devkitARM/bin/../lib/gcc/arm-none-eabi/13.2.0/../../../../arm-none-eabi/lib/armv6k/fpu\libg.a(libc_a-signal.o)
                0x0011cbd4                raise
 .text._exit    0x0011cbec       0x20 G:/devkitPro/devkitARM/bin/../lib/gcc/arm-none-eabi/13.2.0/../../../../arm-none-eabi/lib/armv6k/fpu\libsysbase.a(libsysbase_libsysbase_a-_exit.o)
                0x0011cbec                _exit
 .text.chdir    0x0011cc0c      0x13c G:/devkitPro/devkitARM/bin/../lib/gcc/arm-none-eabi/13.2.0/../../../../arm-none-eabi/lib/armv6k/fpu\libsysbase.a(libsysbase_libsysbase_a-chdir.o)
                0x0011cc0c                chdir
 .text._concatenate_path
                0x0011cd48      0x1cc G:/devkitPro/devkitARM/bin/../lib/gcc/arm-none-eabi/13.2.0/../../../../arm-none-eabi/lib/armv6k/fpu\libsysbase.a(libsysbase_libsysbase_a-concatenate.o)
                0x0011cd48                _concatenate_path
 .text.__dirnext
                0x0011cf14       0x68 G:/devkitPro/devkitARM/bin/../lib/gcc/arm-none-eabi/13.2.0/../../../../arm-none-eabi/lib/armv6k/fpu\libsysbase.a(libsysbase_libsysbase_a-dirent.o)
 .text.opendir  0x0011cf7c       0xf4 G:/devkitPro/devkitARM/bin/../lib/gcc/arm-none-eabi/13.2.0/../../../../arm-none-eabi/lib/armv6k/fpu\libsysbase.a(libsysbase_libsysbase_a-dirent.o)
                0x0011cf7c                opendir
 .text.closedir
                0x0011d070       0x90 G:/devkitPro/devkitARM/bin/../lib/gcc/arm-none-eabi/13.2.0/../../../../arm-none-eabi/lib/armv6k/fpu\libsysbase.a(libsysbase_libsysbase_a-dirent.o)
                0x0011d070                closedir
 .text.readdir  0x0011d100       0xc4 G:/devkitPro/devkitARM/bin/../lib/gcc/arm-none-eabi/13.2.0/../../../../arm-none-eabi/lib/armv6k/fpu\libsysbase.a(libsysbase_libsysbase_a-dirent.o)
                0x0011d100                readdir
 .text._fstat_r
                0x0011d1c4       0x78 G:/devkitPro/devkitARM/bin/../lib/gcc/arm-none-eabi/13.2.0/../../../../arm-none-eabi/lib/armv6k/fpu\libsysbase.a(libsysbase_libsysbase_a-fstat.o)
                0x0011d1c4                _fstat_r
 .text._getpid_r
                0x0011d23c       0x14 G:/devkitPro/devkitARM/bin/../lib/gcc/arm-none-eabi/13.2.0/../../../../arm-none-eabi/lib/armv6k/fpu\libsysbase.a(libsysbase_libsysbase_a-getpid.o)
                0x0011d23c                _getpid_r
 .text.__getreent
                0x0011d250       0x2c G:/devkitPro/devkitARM/bin/../lib/gcc/arm-none-eabi/13.2.0/../../../../arm-none-eabi/lib/armv6k/fpu\libsysbase.a(libsysbase_libsysbase_a-getreent.o)
                0x0011d250                __getreent
 .text.__release_handle
                0x0011d27c       0x8c G:/devkitPro/devkitARM/bin/../lib/gcc/arm-none-eabi/13.2.0/../../../../arm-none-eabi/lib/armv6k/fpu\libsysbase.a(libsysbase_libsysbase_a-handle_manager.o)
                0x0011d27c                __release_handle
 .text.__alloc_handle
                0x0011d308       0xb0 G:/devkitPro/devkitARM/bin/../lib/gcc/arm-none-eabi/13.2.0/../../../../arm-none-eabi/lib/armv6k/fpu\libsysbase.a(libsysbase_libsysbase_a-handle_manager.o)
                0x0011d308                __alloc_handle
 .text.__get_handle
                0x0011d3b8       0x3c G:/devkitPro/devkitARM/bin/../lib/gcc/arm-none-eabi/13.2.0/../../../../arm-none-eabi/lib/armv6k/fpu\libsysbase.a(libsysbase_libsysbase_a-handle_manager.o)
                0x0011d3b8                __get_handle
 .text._close_r
                0x0011d3f4       0xf4 G:/devkitPro/devkitARM/bin/../lib/gcc/arm-none-eabi/13.2.0/../../../../arm-none-eabi/lib/armv6k/fpu\libsysbase.a(libsysbase_libsysbase_a-handle_manager.o)
                0x0011d3f4                _close_r
 .text.null_write
                0x0011d4e8        0x8 G:/devkitPro/devkitARM/bin/../lib/gcc/arm-none-eabi/13.2.0/../../../../arm-none-eabi/lib/armv6k/fpu\libsysbase.a(libsysbase_libsysbase_a-iosupport.o)
 .text.setDefaultDevice
                0x0011d4f0       0x18 G:/devkitPro/devkitARM/bin/../lib/gcc/arm-none-eabi/13.2.0/../../../../arm-none-eabi/lib/armv6k/fpu\libsysbase.a(libsysbase_libsysbase_a-iosupport.o)
                0x0011d4f0                setDefaultDevice
 .text.FindDevice
                0x0011d508       0xc8 G:/devkitPro/devkitARM/bin/../lib/gcc/arm-none-eabi/13.2.0/../../../../arm-none-eabi/lib/armv6k/fpu\libsysbase.a(libsysbase_libsysbase_a-iosupport.o)
                0x0011d508                FindDevice
 .text.RemoveDevice
                0x0011d5d0       0x28 G:/devkitPro/devkitARM/bin/../lib/gcc/arm-none-eabi/13.2.0/../../../../arm-none-eabi/lib/armv6k/fpu\libsysbase.a(libsysbase_libsysbase_a-iosupport.o)
                0x0011d5d0                RemoveDevice
 .text.AddDevice
                0x0011d5f8       0x9c G:/devkitPro/devkitARM/bin/../lib/gcc/arm-none-eabi/13.2.0/../../../../arm-none-eabi/lib/armv6k/fpu\libsysbase.a(libsysbase_libsysbase_a-iosupport.o)
                0x0011d5f8                AddDevice
 .text.GetDeviceOpTab
                0x0011d694       0x20 G:/devkitPro/devkitARM/bin/../lib/gcc/arm-none-eabi/13.2.0/../../../../arm-none-eabi/lib/armv6k/fpu\libsysbase.a(libsysbase_libsysbase_a-iosupport.o)
                0x0011d694                GetDeviceOpTab
 .text._isatty_r
                0x0011d6b4        0x8 G:/devkitPro/devkitARM/bin/../lib/gcc/arm-none-eabi/13.2.0/../../../../arm-none-eabi/lib/armv6k/fpu\libsysbase.a(libsysbase_libsysbase_a-isatty.o)
                0x0011d6b4                _isatty_r
 .text._kill_r  0x0011d6bc       0x14 G:/devkitPro/devkitARM/bin/../lib/gcc/arm-none-eabi/13.2.0/../../../../arm-none-eabi/lib/armv6k/fpu\libsysbase.a(libsysbase_libsysbase_a-kill.o)
                0x0011d6bc                _kill_r
 .text._lseek_r
                0x0011d6d0       0x84 G:/devkitPro/devkitARM/bin/../lib/gcc/arm-none-eabi/13.2.0/../../../../arm-none-eabi/lib/armv6k/fpu\libsysbase.a(libsysbase_libsysbase_a-lseek.o)
                0x0011d6d0                _lseek_r
 .text.mkdir    0x0011d754       0x60 G:/devkitPro/devkitARM/bin/../lib/gcc/arm-none-eabi/13.2.0/../../../../arm-none-eabi/lib/armv6k/fpu\libsysbase.a(libsysbase_libsysbase_a-mkdir.o)
                0x0011d754                mkdir
 .text._open_r  0x0011d7b4       0xbc G:/devkitPro/devkitARM/bin/../lib/gcc/arm-none-eabi/13.2.0/../../../../arm-none-eabi/lib/armv6k/fpu\libsysbase.a(libsysbase_libsysbase_a-open.o)
                0x0011d7b4                _open_r
 .text._read_r  0x0011d870       0x80 G:/devkitPro/devkitARM/bin/../lib/gcc/arm-none-eabi/13.2.0/../../../../arm-none-eabi/lib/armv6k/fpu\libsysbase.a(libsysbase_libsysbase_a-read.o)
                0x0011d870                _read_r
 .text._sbrk_r  0x0011d8f0       0x78 G:/devkitPro/devkitARM/bin/../lib/gcc/arm-none-eabi/13.2.0/../../../../arm-none-eabi/lib/armv6k/fpu\libsysbase.a(libsysbase_libsysbase_a-sbrk.o)
                0x0011d8f0                _sbrk_r
 .text._stat_r  0x0011d968       0x70 G:/devkitPro/devkitARM/bin/../lib/gcc/arm-none-eabi/13.2.0/../../../../arm-none-eabi/lib/armv6k/fpu\libsysbase.a(libsysbase_libsysbase_a-stat.o)
                0x0011d968                _stat_r
 .text.__libc_lock_acquire
                0x0011d9d8       0x1c G:/devkitPro/devkitARM/bin/../lib/gcc/arm-none-eabi/13.2.0/../../../../arm-none-eabi/lib/armv6k/fpu\libsysbase.a(libsysbase_libsysbase_a-syscall_support.o)
                0x0011d9d8                __libc_lock_acquire
 .text.__libc_lock_release
                0x0011d9f4       0x1c G:/devkitPro/devkitARM/bin/../lib/gcc/arm-none-eabi/13.2.0/../../../../arm-none-eabi/lib/armv6k/fpu\libsysbase.a(libsysbase_libsysbase_a-syscall_support.o)
                0x0011d9f4                __libc_lock_release
 .text.__libc_lock_acquire_recursive
                0x0011da10       0x1c G:/devkitPro/devkitARM/bin/../lib/gcc/arm-none-eabi/13.2.0/../../../../arm-none-eabi/lib/armv6k/fpu\libsysbase.a(libsysbase_libsysbase_a-syscall_support.o)
                0x0011da10                __libc_lock_acquire_recursive
 .text.__libc_lock_release_recursive
                0x0011da2c       0x1c G:/devkitPro/devkitARM/bin/../lib/gcc/arm-none-eabi/13.2.0/../../../../arm-none-eabi/lib/armv6k/fpu\libsysbase.a(libsysbase_libsysbase_a-syscall_support.o)
                0x0011da2c                __libc_lock_release_recursive
 .text._write_r
                0x0011da48       0x80 G:/devkitPro/devkitARM/bin/../lib/gcc/arm-none-eabi/13.2.0/../../../../arm-none-eabi/lib/armv6k/fpu\libsysbase.a(libsysbase_libsysbase_a-write.o)
                0x0011da48                _write_r
 .text.strrchr  0x0011dac8       0x48 G:/devkitPro/devkitARM/bin/../lib/gcc/arm-none-eabi/13.2.0/../../../../arm-none-eabi/lib/armv6k/fpu\libg.a(libc_a-strrchr.o)
                0x0011dac8                strrchr
 *(.glue_7)
 .glue_7        0x0011db10        0x0 linker stubs
 *(.glue_7t)
 .glue_7t       0x0011db10        0x0 linker stubs
 *(.stub)
 *(.gnu.warning)
 *(.gnu.linkonce.t*)
                0x0011db10                        . = ALIGN (0x4)
 *(.fini)
 .fini          0x0011db10        0xc G:/devkitPro/devkitARM/bin/../lib/gcc/arm-none-eabi/13.2.0/armv6k/fpu/crti.o
                0x0011db10                _fini
 .fini          0x0011db1c        0xc G:/devkitPro/devkitARM/bin/../lib/gcc/arm-none-eabi/13.2.0/armv6k/fpu/crtn.o
                0x0011db28                        . = ALIGN (0x4)

.vfp11_veneer   0x0011db28        0x0
 .vfp11_veneer  0x0011db28        0x0 linker stubs

.v4_bx          0x0011db28        0x0
 .v4_bx         0x0011db28        0x0 linker stubs

.iplt           0x0011db28        0x0
 .iplt          0x0011db28        0x0 G:/devkitPro/devkitARM/bin/../lib/gcc/arm-none-eabi/13.2.0/../../../../arm-none-eabi/lib/armv6k/fpu/3dsx_crt0.o
                0x0011e000                        . = ALIGN (0x1000)

.rodata         0x0011e000     0x1924
 *(.rodata)
 .rodata        0x0011e000        0xc G:/devkitPro/libctru/lib\libctru.a(archive_dev.o)
 *(.roda)
 *(.rodata.*)
 .rodata.str1.4
                0x0011e00c      0xa87 main.o
                                0x1a2 (size before relaxing)
 .rodata.str1.4
                0x0011ea93       0x10 G:/devkitPro/libctru/lib\libctru.a(console.o)
 *fill*         0x0011ea93        0x1 
 .rodata.dotab_stdout
                0x0011ea94       0x80 G:/devkitPro/libctru/lib\libctru.a(console.o)
 .rodata.grayScale
                0x0011eb14       0x18 G:/devkitPro/libctru/lib\libctru.a(console.o)
 .rodata.colorCube
                0x0011eb2c        0x6 G:/devkitPro/libctru/lib\libctru.a(console.o)
 *fill*         0x0011eb32        0x2 
 .rodata.colorTable
                0x0011eb34       0x30 G:/devkitPro/libctru/lib\libctru.a(console.o)
 .rodata.srvInit.str1.4
                0x0011eb64        0x5 G:/devkitPro/libctru/lib\libctru.a(srv.o)
 .rodata.aptSendCommand.str1.4
                0x0011eb64       0x16 G:/devkitPro/libctru/lib\libctru.a(apt.o)
 .rodata.morton_y.2
                0x0011eb64        0x8 G:/devkitPro/libctru/lib\libctru.a(apt.o)
 .rodata.morton_x.3
                0x0011eb6c        0x8 G:/devkitPro/libctru/lib\libctru.a(apt.o)
 .rodata.s_sleepWakeEvents.4
                0x0011eb74        0x8 G:/devkitPro/libctru/lib\libctru.a(apt.o)
 .rodata.gspInit.str1.4
                0x0011eb7c        0x9 G:/devkitPro/libctru/lib\libctru.a(gspgpu.o)
 .rodata.hidInit.str1.4
                0x0011eb7c       0x15 G:/devkitPro/libctru/lib\libctru.a(hid.o)
 .rodata.irrstInit.str1.4
                0x0011eb7c        0x7 G:/devkitPro/libctru/lib\libctru.a(irrst.o)
 .rodata.socInit.str1.4
                0x0011eb7c        0xe G:/devkitPro/libctru/lib\libctru.a(soc_init.o)
 .rodata.__system_initArgv.str1.4
                0x0011eb7c        0xa G:/devkitPro/libctru/lib\libctru.a(initArgv.o)
 .rodata.default_font_bin
                0x0011eb7c      0x800 G:/devkitPro/libctru/lib\libctru.a(default_font.bin.o)
                0x0011eb7c                default_font_bin
                0x0011f37c                default_font_bin_end
 .rodata.ptmSysmInit.str1.4
                0x0011f37c        0x9 G:/devkitPro/libctru/lib\libctru.a(ptmsysm.o)
 .rodata.archive_utf16path.str1.4
                0x0011f37c        0x2 G:/devkitPro/libctru/lib\libctru.a(archive_dev.o)
 .rodata._archiveUnmountDeviceStruct.part.0.str1.4
                0x0011f37c        0x2 G:/devkitPro/libctru/lib\libctru.a(archive_dev.o)
 .rodata._archiveMountDevice.str1.4
                0x0011f37c        0xc G:/devkitPro/libctru/lib\libctru.a(archive_dev.o)
 .rodata.archiveMountSdmc.str1.4
                0x0011f37c        0x5 G:/devkitPro/libctru/lib\libctru.a(archive_dev.o)
 .rodata.error_table
                0x0011f37c       0x30 G:/devkitPro/libctru/lib\libctru.a(archive_dev.o)
 .rodata.str1.4
                0x0011f3ac        0x8 G:/devkitPro/libctru/lib\libctru.a(archive_dev.o)
 .rodata.archive_devoptab
                0x0011f3ac       0x80 G:/devkitPro/libctru/lib\libctru.a(archive_dev.o)
 .rodata.fsInit.str1.4
                0x0011f42c        0x8 G:/devkitPro/libctru/lib\libctru.a(fs.o)
 .rodata._perror_r.str1.4
                0x0011f42c        0x6 G:/devkitPro/devkitARM/bin/../lib/gcc/arm-none-eabi/13.2.0/../../../../arm-none-eabi/lib/armv6k/fpu\libg.a(libc_a-perror.o)
 .rodata._puts_r.str1.4
                0x0011f42c        0x2 G:/devkitPro/devkitARM/bin/../lib/gcc/arm-none-eabi/13.2.0/../../../../arm-none-eabi/lib/armv6k/fpu\libg.a(libc_a-puts.o)
 .rodata._svfprintf_r.str1.1
                0x0011f42c       0x3b G:/devkitPro/devkitARM/bin/../lib/gcc/arm-none-eabi/13.2.0/../../../../arm-none-eabi/lib/armv6k/fpu\libg.a(libc_a-svfprintf.o)
 *fill*         0x0011f467        0x1 
 .rodata.zeroes.0
                0x0011f468       0x10 G:/devkitPro/devkitARM/bin/../lib/gcc/arm-none-eabi/13.2.0/../../../../arm-none-eabi/lib/armv6k/fpu\libg.a(libc_a-svfprintf.o)
 .rodata.blanks.1
                0x0011f478       0x10 G:/devkitPro/devkitARM/bin/../lib/gcc/arm-none-eabi/13.2.0/../../../../arm-none-eabi/lib/armv6k/fpu\libg.a(libc_a-svfprintf.o)
 .rodata._vfprintf_r.str1.1
                0x0011f488       0x3b G:/devkitPro/devkitARM/bin/../lib/gcc/arm-none-eabi/13.2.0/../../../../arm-none-eabi/lib/armv6k/fpu\libg.a(libc_a-vfprintf.o)
 .rodata.zeroes.0
                0x0011f488       0x10 G:/devkitPro/devkitARM/bin/../lib/gcc/arm-none-eabi/13.2.0/../../../../arm-none-eabi/lib/armv6k/fpu\libg.a(libc_a-vfprintf.o)
 .rodata.blanks.1
                0x0011f498       0x10 G:/devkitPro/devkitARM/bin/../lib/gcc/arm-none-eabi/13.2.0/../../../../arm-none-eabi/lib/armv6k/fpu\libg.a(libc_a-vfprintf.o)
 .rodata._strerror_r.str1.4
                0x0011f4a8      0x701 G:/devkitPro/devkitARM/bin/../lib/gcc/arm-none-eabi/13.2.0/../../../../arm-none-eabi/lib/armv6k/fpu\libg.a(libc_a-strerror.o)
 .rodata.str1.4
                0x0011f4a8       0x4c G:/devkitPro/devkitARM/bin/../lib/gcc/arm-none-eabi/13.2.0/../../../../arm-none-eabi/lib/armv6k/fpu\libg.a(libc_a-locale.o)
 .rodata._ctype_
                0x0011f4a8      0x101 G:/devkitPro/devkitARM/bin/../lib/gcc/arm-none-eabi/13.2.0/../../../../arm-none-eabi/lib/armv6k/fpu\libg.a(libc_a-ctype_.o)
                0x0011f4a8                _ctype_
 .rodata._vfiprintf_r.str1.1
                0x0011f5a9       0x29 G:/devkitPro/devkitARM/bin/../lib/gcc/arm-none-eabi/13.2.0/../../../../arm-none-eabi/lib/armv6k/fpu\libg.a(libc_a-vfiprintf.o)
 *fill*         0x0011f5a9        0x3 
 .rodata.zeroes.0
                0x0011f5ac       0x10 G:/devkitPro/devkitARM/bin/../lib/gcc/arm-none-eabi/13.2.0/../../../../arm-none-eabi/lib/armv6k/fpu\libg.a(libc_a-vfiprintf.o)
 .rodata.blanks.1
                0x0011f5bc       0x10 G:/devkitPro/devkitARM/bin/../lib/gcc/arm-none-eabi/13.2.0/../../../../arm-none-eabi/lib/armv6k/fpu\libg.a(libc_a-vfiprintf.o)
 .rodata.__action_table
                0x0011f5cc       0x6c G:/devkitPro/devkitARM/bin/../lib/gcc/arm-none-eabi/13.2.0/../../../../arm-none-eabi/lib/armv6k/fpu\libg.a(libc_a-svfiprintf.o)
                0x0011f5cc                __action_table
 .rodata.__state_table
                0x0011f638       0x6c G:/devkitPro/devkitARM/bin/../lib/gcc/arm-none-eabi/13.2.0/../../../../arm-none-eabi/lib/armv6k/fpu\libg.a(libc_a-svfiprintf.o)
                0x0011f638                __state_table
 .rodata.__chclass
                0x0011f6a4      0x100 G:/devkitPro/devkitARM/bin/../lib/gcc/arm-none-eabi/13.2.0/../../../../arm-none-eabi/lib/armv6k/fpu\libg.a(libc_a-svfiprintf.o)
                0x0011f6a4                __chclass
 .rodata._dtoa_r.str1.4
                0x0011f7a4       0x6a G:/devkitPro/devkitARM/bin/../lib/gcc/arm-none-eabi/13.2.0/../../../../arm-none-eabi/lib/armv6k/fpu\libg.a(libc_a-dtoa.o)
 .rodata.__multadd.str1.4
                0x0011f7a4       0x57 G:/devkitPro/devkitARM/bin/../lib/gcc/arm-none-eabi/13.2.0/../../../../arm-none-eabi/lib/armv6k/fpu\libg.a(libc_a-mprec.o)
 .rodata.p05.0  0x0011f7a4        0xc G:/devkitPro/devkitARM/bin/../lib/gcc/arm-none-eabi/13.2.0/../../../../arm-none-eabi/lib/armv6k/fpu\libg.a(libc_a-mprec.o)
 .rodata.__mprec_bigtens
                0x0011f7b0       0x28 G:/devkitPro/devkitARM/bin/../lib/gcc/arm-none-eabi/13.2.0/../../../../arm-none-eabi/lib/armv6k/fpu\libg.a(libc_a-mprec.o)
                0x0011f7b0                __mprec_bigtens
 .rodata.__mprec_tens
                0x0011f7d8       0xc8 G:/devkitPro/devkitARM/bin/../lib/gcc/arm-none-eabi/13.2.0/../../../../arm-none-eabi/lib/armv6k/fpu\libg.a(libc_a-mprec.o)
                0x0011f7d8                __mprec_tens
 .rodata.__assert_func.str1.4
                0x0011f8a0       0x43 G:/devkitPro/devkitARM/bin/../lib/gcc/arm-none-eabi/13.2.0/../../../../arm-none-eabi/lib/armv6k/fpu\libg.a(libc_a-assert.o)
 .rodata.AddDevice.str1.4
                0x0011f8a0        0x8 G:/devkitPro/devkitARM/bin/../lib/gcc/arm-none-eabi/13.2.0/../../../../arm-none-eabi/lib/armv6k/fpu\libsysbase.a(libsysbase_libsysbase_a-iosupport.o)
 .rodata.dotab_stdnull
                0x0011f8a0       0x80 G:/devkitPro/devkitARM/bin/../lib/gcc/arm-none-eabi/13.2.0/../../../../arm-none-eabi/lib/armv6k/fpu\libsysbase.a(libsysbase_libsysbase_a-iosupport.o)
                0x0011f8a0                dotab_stdnull
 *all.rodata*(*)
 *(.gnu.linkonce.r*)
                0x0011f920                        . = ALIGN (0x4)
                0x0011f920                        __tdata_align = .
                0x0011f920        0x4 LONG 0x4 ALIGNOF (.tdata)
                0x0011f924                        . = ALIGN (0x4)

.eh_frame       0x0011f924        0x0
 .eh_frame      0x0011f924        0x0 G:/devkitPro/devkitARM/bin/../lib/gcc/arm-none-eabi/13.2.0/armv6k/fpu/crtbegin.o

.rel.dyn        0x0011f924        0x0
 .rel.iplt      0x0011f924        0x0 G:/devkitPro/devkitARM/bin/../lib/gcc/arm-none-eabi/13.2.0/../../../../arm-none-eabi/lib/armv6k/fpu/3dsx_crt0.o
 .rel.got       0x0011f924        0x0 G:/devkitPro/devkitARM/bin/../lib/gcc/arm-none-eabi/13.2.0/../../../../arm-none-eabi/lib/armv6k/fpu/3dsx_crt0.o

.ARM.extab
 *(.ARM.extab* .gnu.linkonce.armextab.*)
                0x0011f924                        __exidx_start = .

.ARM.exidx
 *(.ARM.exidx* .gnu.linkonce.armexidx.*)
                0x0011f924                        __exidx_end = .
                0x00120000                        . = ALIGN (0x1000)

.data           0x00120000     0x1bcc
 *(.data)
 *(.data.*)
 .data.firstConsoleInit.0
                0x00120000        0x1 G:/devkitPro/libctru/lib\libctru.a(console.o)
 *fill*         0x00120001        0x3 
 .data.currentConsole
                0x00120004        0x4 G:/devkitPro/libctru/lib\libctru.a(console.o)
                0x00120004                currentConsole
 .data.defaultConsole
                0x00120008       0x48 G:/devkitPro/libctru/lib\libctru.a(console.o)
                0x00120008                defaultConsole
 .data.aptChainloadDeliverArgSize
                0x00120050        0x4 G:/devkitPro/libctru/lib\libctru.a(apt.o)
 .data.kCount   0x00120054        0x4 G:/devkitPro/libctru/lib\libctru.a(hid.o)
 .data.kInterval
                0x00120058        0x4 G:/devkitPro/libctru/lib\libctru.a(hid.o)
 .data.kDelay   0x0012005c        0x4 G:/devkitPro/libctru/lib\libctru.a(hid.o)
 .data.__stacksize__
                0x00120060        0x4 G:/devkitPro/libctru/lib\libctru.a(stack_adjust.o)
                0x00120060                __stacksize__
 .data.__malloc_sbrk_base
                0x00120064        0x4 G:/devkitPro/devkitARM/bin/../lib/gcc/arm-none-eabi/13.2.0/../../../../arm-none-eabi/lib/armv6k/fpu\libg.a(libc_a-mallocr.o)
                0x00120064                __malloc_sbrk_base
 .data.__malloc_trim_threshold
                0x00120068        0x4 G:/devkitPro/devkitARM/bin/../lib/gcc/arm-none-eabi/13.2.0/../../../../arm-none-eabi/lib/armv6k/fpu\libg.a(libc_a-mallocr.o)
                0x00120068                __malloc_trim_threshold
 *fill*         0x0012006c        0x4 
 .data.__malloc_av_
                0x00120070      0x408 G:/devkitPro/devkitARM/bin/../lib/gcc/arm-none-eabi/13.2.0/../../../../arm-none-eabi/lib/armv6k/fpu\libg.a(libc_a-mallocr.o)
                0x00120070                __malloc_av_
 .data.__sglue  0x00120478        0xc G:/devkitPro/devkitARM/bin/../lib/gcc/arm-none-eabi/13.2.0/../../../../arm-none-eabi/lib/armv6k/fpu\libg.a(libc_a-findfp.o)
                0x00120478                __sglue
 .data.__global_locale
                0x00120484      0x16c G:/devkitPro/devkitARM/bin/../lib/gcc/arm-none-eabi/13.2.0/../../../../arm-none-eabi/lib/armv6k/fpu\libg.a(libc_a-locale.o)
                0x00120484                __global_locale
 .data._impure_ptr
                0x001205f0        0x4 G:/devkitPro/devkitARM/bin/../lib/gcc/arm-none-eabi/13.2.0/../../../../arm-none-eabi/lib/armv6k/fpu\libg.a(libc_a-impure.o)
                0x001205f0                _impure_ptr
 *fill*         0x001205f4        0x4 
 .data._impure_data
                0x001205f8      0x120 G:/devkitPro/devkitARM/bin/../lib/gcc/arm-none-eabi/13.2.0/../../../../arm-none-eabi/lib/armv6k/fpu\libg.a(libc_a-impure.o)
                0x001205f8                _impure_data
 .data._current_working_directory
                0x00120718      0x400 G:/devkitPro/devkitARM/bin/../lib/gcc/arm-none-eabi/13.2.0/../../../../arm-none-eabi/lib/armv6k/fpu\libsysbase.a(libsysbase_libsysbase_a-chdir.o)
 .data.handles  0x00120b18     0x1000 G:/devkitPro/devkitARM/bin/../lib/gcc/arm-none-eabi/13.2.0/../../../../arm-none-eabi/lib/armv6k/fpu\libsysbase.a(libsysbase_libsysbase_a-handle_manager.o)
 .data.__stderr_handle
                0x00121b18        0xc G:/devkitPro/devkitARM/bin/../lib/gcc/arm-none-eabi/13.2.0/../../../../arm-none-eabi/lib/armv6k/fpu\libsysbase.a(libsysbase_libsysbase_a-handle_manager.o)
 .data.__stdout_handle
                0x00121b24        0xc G:/devkitPro/devkitARM/bin/../lib/gcc/arm-none-eabi/13.2.0/../../../../arm-none-eabi/lib/armv6k/fpu\libsysbase.a(libsysbase_libsysbase_a-handle_manager.o)
 .data.__stdin_handle
                0x00121b30        0xc G:/devkitPro/devkitARM/bin/../lib/gcc/arm-none-eabi/13.2.0/../../../../arm-none-eabi/lib/armv6k/fpu\libsysbase.a(libsysbase_libsysbase_a-handle_manager.o)
 .data.devoptab_list
                0x00121b3c       0x8c G:/devkitPro/devkitARM/bin/../lib/gcc/arm-none-eabi/13.2.0/../../../../arm-none-eabi/lib/armv6k/fpu\libsysbase.a(libsysbase_libsysbase_a-iosupport.o)
                0x00121b3c                devoptab_list
 .data.defaultDevice
                0x00121bc8        0x4 G:/devkitPro/devkitARM/bin/../lib/gcc/arm-none-eabi/13.2.0/../../../../arm-none-eabi/lib/armv6k/fpu\libsysbase.a(libsysbase_libsysbase_a-iosupport.o)
 *(.gnu.linkonce.d*)
                0x00121bcc                        . = ALIGN (0x4)

.igot.plt       0x00121bcc        0x0
 .igot.plt      0x00121bcc        0x0 G:/devkitPro/devkitARM/bin/../lib/gcc/arm-none-eabi/13.2.0/../../../../arm-none-eabi/lib/armv6k/fpu/3dsx_crt0.o

.got            0x00121bcc        0x8
 .got           0x00121bcc        0x8 G:/devkitPro/devkitARM/bin/../lib/gcc/arm-none-eabi/13.2.0/../../../../arm-none-eabi/lib/armv6k/fpu/3dsx_crt0.o

.got.plt        0x00121bd4        0xc
 .got.plt       0x00121bd4        0xc G:/devkitPro/devkitARM/bin/../lib/gcc/arm-none-eabi/13.2.0/../../../../arm-none-eabi/lib/armv6k/fpu/3dsx_crt0.o
                0x00121bd4                _GLOBAL_OFFSET_TABLE_

.tdata          0x00121be0        0x0
                0x00121be0                        __tdata_lma = .
 *(.tdata)
 *(.tdata.*)
 *(.gnu.linkonce.td.*)
                0x00121be0                        . = ALIGN (0x4)
                0x00121be0                        __tdata_lma_end = .

.tbss           0x00121be0      0xc08
 *(.tbss)
 *(.tbss.*)
 .tbss.__ctru_dev_utf16_buf
                0x00121be0      0x802 G:/devkitPro/libctru/lib\libctru.a(path_buf.o)
                0x00121be0                __ctru_dev_utf16_buf
 *fill*         0x001223e2        0x2 
 .tbss.__ctru_dev_path_buf
                0x001223e4      0x401 G:/devkitPro/libctru/lib\libctru.a(path_buf.o)
                0x001223e4                __ctru_dev_path_buf
 *(.gnu.linkonce.tb.*)
 *(.tcommon)
                0x001227e8                        . = ALIGN (0x4)
 *fill*         0x001227e5        0x3 

.preinit_array  0x00121be0        0x0
                0x00121be0                        PROVIDE (__preinit_array_start = .)
 *(.preinit_array)
                0x00121be0                        PROVIDE (__preinit_array_end = .)

.init_array     0x00121be0        0x4
                0x00121be0                        PROVIDE (__init_array_start = .)
 *(SORT_BY_NAME(.init_array.*))
 *(.init_array)
 .init_array    0x00121be0        0x4 G:/devkitPro/devkitARM/bin/../lib/gcc/arm-none-eabi/13.2.0/armv6k/fpu/crtbegin.o
                0x00121be4                        PROVIDE (__init_array_end = .)

.fini_array     0x00121be4        0x4
                0x00121be4                        PROVIDE (__fini_array_start = .)
 *(.fini_array)
 .fini_array    0x00121be4        0x4 G:/devkitPro/devkitARM/bin/../lib/gcc/arm-none-eabi/13.2.0/armv6k/fpu/crtbegin.o
 *(SORT_BY_NAME(.fini_array.*))
                0x00121be8                        PROVIDE (__fini_array_end = .)

.ctors
 *crtbegin.o(.ctors)
 *(EXCLUDE_FILE(*crtend.o) .ctors)
 *(SORT_BY_NAME(.ctors.*))
 *(.ctors)

.dtors
 *crtbegin.o(.dtors)
 *(EXCLUDE_FILE(*crtend.o) .dtors)
 *(SORT_BY_NAME(.dtors.*))
 *(.dtors)
                0x00121be8                        __bss_start__ = .

.bss            0x00121be8     0x2f94
 *(.dynbss)
 *(.bss)
 *(.bss.*)
 .bss.completed.1
                0x00121be8        0x1 G:/devkitPro/devkitARM/bin/../lib/gcc/arm-none-eabi/13.2.0/armv6k/fpu/crtbegin.o
 *fill*         0x00121be9        0x3 
 .bss.object.0  0x00121bec       0x18 G:/devkitPro/devkitARM/bin/../lib/gcc/arm-none-eabi/13.2.0/armv6k/fpu/crtbegin.o
 .bss.escapeSeq
                0x00121c04       0x1c G:/devkitPro/libctru/lib\libctru.a(console.o)
 .bss.currentCopy
                0x00121c20       0x48 G:/devkitPro/libctru/lib\libctru.a(console.o)
                0x00121c20                currentCopy
 .bss.screenAlloc
                0x00121c68        0x4 G:/devkitPro/libctru/lib\libctru.a(gfx.o)
 .bss.screenFree
                0x00121c6c        0x4 G:/devkitPro/libctru/lib\libctru.a(gfx.o)
 .bss.gfxIsDoubleBuf
                0x00121c70        0x2 G:/devkitPro/libctru/lib\libctru.a(gfx.o)
 *fill*         0x00121c72        0x2 
 .bss.gfxCurBuf
                0x00121c74        0x2 G:/devkitPro/libctru/lib\libctru.a(gfx.o)
 .bss.gfxIsVram
                0x00121c76        0x1 G:/devkitPro/libctru/lib\libctru.a(gfx.o)
 .bss.gfxTopMode
                0x00121c77        0x1 G:/devkitPro/libctru/lib\libctru.a(gfx.o)
 .bss.gfxFramebufferFormats
                0x00121c78        0x2 G:/devkitPro/libctru/lib\libctru.a(gfx.o)
 *fill*         0x00121c7a        0x2 
 .bss.gfxBottomFramebufferMaxSize
                0x00121c7c        0x4 G:/devkitPro/libctru/lib\libctru.a(gfx.o)
 .bss.gfxTopFramebufferMaxSize
                0x00121c80        0x4 G:/devkitPro/libctru/lib\libctru.a(gfx.o)
 *fill*         0x00121c84        0x4 
 .bss.gfxBottomFramebuffers
                0x00121c88        0x8 G:/devkitPro/libctru/lib\libctru.a(gfx.o)
 .bss.gfxTopFramebuffers
                0x00121c90        0x8 G:/devkitPro/libctru/lib\libctru.a(gfx.o)
 .bss.srvRefCount
                0x00121c98        0x4 G:/devkitPro/libctru/lib\libctru.a(srv.o)
 .bss.srvHandle
                0x00121c9c        0x4 G:/devkitPro/libctru/lib\libctru.a(srv.o)
 .bss.flagValue.0
                0x00121ca0        0x1 G:/devkitPro/libctru/lib\libctru.a(apt.o)
 .bss.flagInit.1
                0x00121ca1        0x1 G:/devkitPro/libctru/lib\libctru.a(apt.o)
 *fill*         0x00121ca2        0x2 
 .bss.serviceName.6